Archive member included to satisfy reference by file (symbol)

lib/libCHIP.a(libSupportLayer.CHIPMem.cpp.o)
                              obj/src/setup_payload/java/libSetupPayloadParser.SetupPayloadParser-JNI.cpp.o (chip::Platform::MemoryInit(void*, unsigned long))
lib/libCHIP.a(libSupportLayer.CHIPLogging.cpp.o)
                              obj/src/setup_payload/java/libSetupPayloadParser.SetupPayloadParser-JNI.cpp.o (chip::Logging::Log(unsigned char, unsigned char, char const*, ...))
lib/libCHIP.a(libSupportLayer.CHIPMem-Malloc.cpp.o)
                              lib/libCHIP.a(libSupportLayer.CHIPMem.cpp.o) (chip::Platform::MemoryAllocatorInit(void*, unsigned long))
lib/libCHIP.a(libSetupPayload.ManualSetupPayloadParser.cpp.o)
                              obj/src/setup_payload/java/libSetupPayloadParser.SetupPayloadParser-JNI.cpp.o (chip::ManualSetupPayloadParser::populatePayload(chip::SetupPayload&))
lib/libCHIP.a(libSetupPayload.QRCodeSetupPayloadParser.cpp.o)
                              obj/src/setup_payload/java/libSetupPayloadParser.SetupPayloadParser-JNI.cpp.o (chip::QRCodeSetupPayloadParser::populatePayload(chip::SetupPayload&))
lib/libCHIP.a(libSetupPayload.SetupPayload.cpp.o)
                              lib/libCHIP.a(libSetupPayload.QRCodeSetupPayloadParser.cpp.o) (chip::SetupPayload::getNumericTypeFor(unsigned char))
lib/libCHIP.a(android.Logging.cpp.o)
                              lib/libCHIP.a(libSupportLayer.CHIPLogging.cpp.o) (chip::Logging::Platform::LogV(char const*, unsigned char, char const*, std::__va_list))
lib/libCHIP.a(libChipCore.CHIPTLVReader.cpp.o)
                              lib/libCHIP.a(libSetupPayload.QRCodeSetupPayloadParser.cpp.o) (chip::TLV::TLVReader::OpenContainer(chip::TLV::TLVReader&))
lib/libCHIP.a(libSupportLayer.Verhoeff10.cpp.o)
                              lib/libCHIP.a(libSetupPayload.ManualSetupPayloadParser.cpp.o) (Verhoeff10::ValidateCheckChar(char, char const*))
lib/libCHIP.a(libSetupPayload.Base38Decode.cpp.o)
                              lib/libCHIP.a(libSetupPayload.QRCodeSetupPayloadParser.cpp.o) (chip::base38Decode(std::__ndk1::basic_string<char, std::__ndk1::char_traits<char>, std::__ndk1::allocator<char> >, std::__ndk1::vector<unsigned char, std::__ndk1::allocator<unsigned char> >&))
lib/libCHIP.a(libSupportLayer.Verhoeff.cpp.o)
                              lib/libCHIP.a(libSupportLayer.Verhoeff10.cpp.o) (Verhoeff::DihedralInvert(int, int))

Discarded input sections

 .note.GNU-stack
                0x0000000000000000        0x0 /Users/james/android-ndk-r21e/toolchains/llvm/prebuilt/darwin-x86_64/bin/../sysroot/usr/lib/aarch64-linux-android/24/crtbegin_so.o
 .note.GNU-stack
                0x0000000000000000        0x0 /Users/james/android-ndk-r21e/toolchains/llvm/prebuilt/darwin-x86_64/bin/../sysroot/usr/lib/aarch64-linux-android/24/crtbegin_so.o
 .text          0x0000000000000000        0x0 obj/src/setup_payload/java/libSetupPayloadParser.SetupPayloadParser-JNI.cpp.o
 .group         0x0000000000000000        0x8 obj/src/setup_payload/java/libSetupPayloadParser.SetupPayloadParser-JNI.cpp.o
 .group         0x0000000000000000        0x8 obj/src/setup_payload/java/libSetupPayloadParser.SetupPayloadParser-JNI.cpp.o
 .group         0x0000000000000000        0x8 obj/src/setup_payload/java/libSetupPayloadParser.SetupPayloadParser-JNI.cpp.o
 .group         0x0000000000000000        0x8 obj/src/setup_payload/java/libSetupPayloadParser.SetupPayloadParser-JNI.cpp.o
 .group         0x0000000000000000        0x8 obj/src/setup_payload/java/libSetupPayloadParser.SetupPayloadParser-JNI.cpp.o
 .group         0x0000000000000000        0x8 obj/src/setup_payload/java/libSetupPayloadParser.SetupPayloadParser-JNI.cpp.o
 .group         0x0000000000000000        0x8 obj/src/setup_payload/java/libSetupPayloadParser.SetupPayloadParser-JNI.cpp.o
 .group         0x0000000000000000        0x8 obj/src/setup_payload/java/libSetupPayloadParser.SetupPayloadParser-JNI.cpp.o
 .group         0x0000000000000000        0x8 obj/src/setup_payload/java/libSetupPayloadParser.SetupPayloadParser-JNI.cpp.o
 .group         0x0000000000000000        0x8 obj/src/setup_payload/java/libSetupPayloadParser.SetupPayloadParser-JNI.cpp.o
 .group         0x0000000000000000        0x8 obj/src/setup_payload/java/libSetupPayloadParser.SetupPayloadParser-JNI.cpp.o
 .group         0x0000000000000000        0x8 obj/src/setup_payload/java/libSetupPayloadParser.SetupPayloadParser-JNI.cpp.o
 .group         0x0000000000000000        0x8 obj/src/setup_payload/java/libSetupPayloadParser.SetupPayloadParser-JNI.cpp.o
 .group         0x0000000000000000        0x8 obj/src/setup_payload/java/libSetupPayloadParser.SetupPayloadParser-JNI.cpp.o
 .group         0x0000000000000000        0x8 obj/src/setup_payload/java/libSetupPayloadParser.SetupPayloadParser-JNI.cpp.o
 .group         0x0000000000000000        0x8 obj/src/setup_payload/java/libSetupPayloadParser.SetupPayloadParser-JNI.cpp.o
[...]
Memory Configuration

Name             Origin             Length             Attributes
*default*        0x0000000000000000 0xffffffffffffffff

Linker script and memory map

LOAD /Users/james/android-ndk-r21e/toolchains/llvm/prebuilt/darwin-x86_64/bin/../sysroot/usr/lib/aarch64-linux-android/24/crtbegin_so.o
START GROUP
LOAD obj/src/setup_payload/java/libSetupPayloadParser.SetupPayloadParser-JNI.cpp.o
LOAD lib/libCHIP.a
LOAD obj/src/setup_payload/lib/libSetupPayload.a
LOAD obj/src/crypto/lib/libChipCrypto.a
LOAD obj/src/lib/core/lib/libChipCore.a
LOAD obj/src/ble/lib/libBleLayer.a
LOAD obj/src/inet/lib/libInetLayer.a
LOAD obj/src/lib/support/lib/libSupportLayer.a
LOAD obj/src/platform/logging/lib/android.a
LOAD lib/libnlfaultinjection.a
LOAD obj/src/system/lib/libSystemLayer.a
LOAD lib/libmbedtls.a
LOAD /Users/james/android-ndk-r21e/toolchains/llvm/prebuilt/darwin-x86_64/bin/../sysroot/usr/lib/aarch64-linux-android/24/liblog.so
END GROUP
LOAD /Users/james/android-ndk-r21e/toolchains/llvm/prebuilt/darwin-x86_64/bin/../sysroot/usr/lib/aarch64-linux-android/24/libc++.so
LOAD /Users/james/android-ndk-r21e/toolchains/llvm/prebuilt/darwin-x86_64/bin/../sysroot/usr/lib/aarch64-linux-android/libc++_shared.so
LOAD /Users/james/android-ndk-r21e/toolchains/llvm/prebuilt/darwin-x86_64/bin/../sysroot/usr/lib/aarch64-linux-android/24/libm.so
LOAD /Users/james/android-ndk-r21e/toolchains/llvm/prebuilt/darwin-x86_64/bin/../lib/gcc/aarch64-linux-android/4.9.x/libgcc.a
LOAD /Users/james/android-ndk-r21e/toolchains/llvm/prebuilt/darwin-x86_64/bin/../sysroot/usr/lib/aarch64-linux-android/24/libcompiler_rt-extras.a
LOAD /Users/james/android-ndk-r21e/toolchains/llvm/prebuilt/darwin-x86_64/bin/../lib/gcc/aarch64-linux-android/4.9.x/libgcc_real.a
LOAD /Users/james/android-ndk-r21e/toolchains/llvm/prebuilt/darwin-x86_64/bin/../sysroot/usr/lib/aarch64-linux-android/24/libdl.so
LOAD /Users/james/android-ndk-r21e/toolchains/llvm/prebuilt/darwin-x86_64/bin/../sysroot/usr/lib/aarch64-linux-android/24/libc.so
LOAD /Users/james/android-ndk-r21e/toolchains/llvm/prebuilt/darwin-x86_64/bin/../lib/gcc/aarch64-linux-android/4.9.x/libgcc.a
LOAD /Users/james/android-ndk-r21e/toolchains/llvm/prebuilt/darwin-x86_64/bin/../sysroot/usr/lib/aarch64-linux-android/24/libcompiler_rt-extras.a
LOAD /Users/james/android-ndk-r21e/toolchains/llvm/prebuilt/darwin-x86_64/bin/../lib/gcc/aarch64-linux-android/4.9.x/libgcc_real.a
LOAD /Users/james/android-ndk-r21e/toolchains/llvm/prebuilt/darwin-x86_64/bin/../sysroot/usr/lib/aarch64-linux-android/24/libdl.so
LOAD /Users/james/android-ndk-r21e/toolchains/llvm/prebuilt/darwin-x86_64/bin/../sysroot/usr/lib/aarch64-linux-android/24/crtend_so.o
                0x00000000000001c8                . = (0x0 + SIZEOF_HEADERS)

.note.gnu.build-id
 *(.note.gnu.build-id)

.hash
 *(.hash)

.gnu.hash       0x00000000000001c8      0xc40
 *(.gnu.hash)
 .gnu.hash      0x00000000000001c8      0xc40 /Users/james/android-ndk-r21e/toolchains/llvm/prebuilt/darwin-x86_64/bin/../sysroot/usr/lib/aarch64-linux-android/24/crtbegin_so.o

.dynsym         0x0000000000000e08     0x2778
 *(.dynsym)
 .dynsym        0x0000000000000e08     0x2778 /Users/james/android-ndk-r21e/toolchains/llvm/prebuilt/darwin-x86_64/bin/../sysroot/usr/lib/aarch64-linux-android/24/crtbegin_so.o

.dynstr         0x0000000000003580     0x813d
 *(.dynstr)
 .dynstr        0x0000000000003580     0x813d /Users/james/android-ndk-r21e/toolchains/llvm/prebuilt/darwin-x86_64/bin/../sysroot/usr/lib/aarch64-linux-android/24/crtbegin_so.o

.gnu.version    0x000000000000b6be      0x34a
 *(.gnu.version)
 .gnu.version   0x000000000000b6be      0x34a /Users/james/android-ndk-r21e/toolchains/llvm/prebuilt/darwin-x86_64/bin/../sysroot/usr/lib/aarch64-linux-android/24/crtbegin_so.o

.gnu.version_d  0x000000000000ba08        0x0
 *(.gnu.version_d)
 .gnu.version_d
                0x000000000000ba08        0x0 /Users/james/android-ndk-r21e/toolchains/llvm/prebuilt/darwin-x86_64/bin/../sysroot/usr/lib/aarch64-linux-android/24/crtbegin_so.o

.gnu.version_r  0x000000000000ba08       0x20
 *(.gnu.version_r)
 .gnu.version_r
                0x000000000000ba08       0x20 /Users/james/android-ndk-r21e/toolchains/llvm/prebuilt/darwin-x86_64/bin/../sysroot/usr/lib/aarch64-linux-android/24/crtbegin_so.o

.rela.dyn       0x000000000000ba28       0xa8
 *(.rela.init)
 *(.rela.text .rela.text.* .rela.gnu.linkonce.t.*)
 *(.rela.fini)
 *(.rela.rodata .rela.rodata.* .rela.gnu.linkonce.r.*)
 *(.rela.data .rela.data.* .rela.gnu.linkonce.d.*)
 .rela.data.rel.ro
                0x000000000000ba28       0x18 /Users/james/android-ndk-r21e/toolchains/llvm/prebuilt/darwin-x86_64/bin/../sysroot/usr/lib/aarch64-linux-android/24/crtbegin_so.o
 *(.rela.tdata .rela.tdata.* .rela.gnu.linkonce.td.*)
 *(.rela.tbss .rela.tbss.* .rela.gnu.linkonce.tb.*)
 *(.rela.ctors)
 *(.rela.dtors)
 *(.rela.got)
 .rela.got      0x000000000000ba40       0x60 /Users/james/android-ndk-r21e/toolchains/llvm/prebuilt/darwin-x86_64/bin/../sysroot/usr/lib/aarch64-linux-android/24/crtbegin_so.o
 *(.rela.bss .rela.bss.* .rela.gnu.linkonce.b.*)
 *(.rela.ifunc)
 .rela.ifunc    0x000000000000baa0        0x0 /Users/james/android-ndk-r21e/toolchains/llvm/prebuilt/darwin-x86_64/bin/../sysroot/usr/lib/aarch64-linux-android/24/crtbegin_so.o
 .rela.fini_array.0
                0x000000000000baa0       0x18 /Users/james/android-ndk-r21e/toolchains/llvm/prebuilt/darwin-x86_64/bin/../sysroot/usr/lib/aarch64-linux-android/24/crtbegin_so.o
 .rela.fini_array
                0x000000000000bab8       0x18 /Users/james/android-ndk-r21e/toolchains/llvm/prebuilt/darwin-x86_64/bin/../sysroot/usr/lib/aarch64-linux-android/24/crtbegin_so.o

.rela.plt       0x000000000000bad0     0x2280
 *(.rela.plt)
 .rela.plt      0x000000000000bad0     0x2280 /Users/james/android-ndk-r21e/toolchains/llvm/prebuilt/darwin-x86_64/bin/../sysroot/usr/lib/aarch64-linux-android/24/crtbegin_so.o
 *(.rela.iplt)

.init
 *(SORT(.init))

.plt            0x000000000000dd50     0x1720
 *(.plt)
 .plt           0x000000000000dd50     0x1720 /Users/james/android-ndk-r21e/toolchains/llvm/prebuilt/darwin-x86_64/bin/../sysroot/usr/lib/aarch64-linux-android/24/crtbegin_so.o
 *(.iplt)

.text           0x000000000000f470    0x169fc
 *(.text.unlikely .text.*_unlikely .text.unlikely.*)
 *(.text.exit .text.exit.*)
 *(.text.startup .text.startup.*)
 *(.text.hot .text.hot.*)
 *(.text .stub .text.* .gnu.linkonce.t.*)
 .text          0x000000000000f470       0x48 /Users/james/android-ndk-r21e/toolchains/llvm/prebuilt/darwin-x86_64/bin/../sysroot/usr/lib/aarch64-linux-android/24/crtbegin_so.o
                0x000000000000f47c                __emutls_unregister_key
                0x000000000000f484                __atexit_handler_wrapper
                0x000000000000f490                atexit
                0x000000000000f4ac                pthread_atfork
 .text.JNI_OnLoad
                0x000000000000f4b8       0x64 obj/src/setup_payload/java/libSetupPayloadParser.SetupPayloadParser-JNI.cpp.o
                0x000000000000f4b8                JNI_OnLoad
 .text.Java_chip_setuppayload_SetupPayloadParser_fetchPayloadFromQrCode
                0x000000000000f51c      0x1d4 obj/src/setup_payload/java/libSetupPayloadParser.SetupPayloadParser-JNI.cpp.o
                0x000000000000f51c                Java_chip_setuppayload_SetupPayloadParser_fetchPayloadFromQrCode
 .text._ZN4chip12SetupPayloadC2Ev
                0x000000000000f6f0       0x80 obj/src/setup_payload/java/libSetupPayloadParser.SetupPayloadParser-JNI.cpp.o
                0x000000000000f6f0                chip::SetupPayload::SetupPayload()
 .text._ZN7_JNIEnv17GetStringUTFCharsEP8_jstringPh
                0x000000000000f770       0x40 obj/src/setup_payload/java/libSetupPayloadParser.SetupPayloadParser-JNI.cpp.o
                0x000000000000f770                _JNIEnv::GetStringUTFChars(_jstring*, unsigned char*)
 .text._ZNSt6__ndk112basic_stringIcNS_11char_traitsIcEENS_9allocatorIcEEEC2IDnEEPKc
                0x000000000000f7b0       0x58 obj/src/setup_payload/java/libSetupPayloadParser.SetupPayloadParser-JNI.cpp.o
                0x000000000000f7b0                std::__ndk1::basic_string<char, std::__ndk1::char_traits<char>, std::__ndk1::allocator<char> >::basic_string<decltype(nullptr)>(char const*)
 .text._ZN4chip24QRCodeSetupPayloadParserC2ENSt6__ndk112basic_stringIcNS1_11char_traitsIcEENS1_9allocatorIcEEEE
                0x000000000000f808       0x40 obj/src/setup_payload/java/libSetupPayloadParser.SetupPayloadParser-JNI.cpp.o
                0x000000000000f808                chip::QRCodeSetupPayloadParser::QRCodeSetupPayloadParser(std::__ndk1::basic_string<char, std::__ndk1::char_traits<char>, std::__ndk1::allocator<char> >)
 .text._ZN4chip24QRCodeSetupPayloadParserD2Ev
                0x000000000000f848       0x24 obj/src/setup_payload/java/libSetupPayloadParser.SetupPayloadParser-JNI.cpp.o
                0x000000000000f848                chip::QRCodeSetupPayloadParser::~QRCodeSetupPayloadParser()
 .text._ZNSt6__ndk112basic_stringIcNS_11char_traitsIcEENS_9allocatorIcEEED2Ev
                0x000000000000f86c       0x74 obj/src/setup_payload/java/libSetupPayloadParser.SetupPayloadParser-JNI.cpp.o
                0x000000000000f86c                std::__ndk1::basic_string<char, std::__ndk1::char_traits<char>, std::__ndk1::allocator<char> >::~basic_string()
 .text._ZN7_JNIEnv21ReleaseStringUTFCharsEP8_jstringPKc
                0x000000000000f8e0       0x40 obj/src/setup_payload/java/libSetupPayloadParser.SetupPayloadParser-JNI.cpp.o
                0x000000000000f8e0                _JNIEnv::ReleaseStringUTFChars(_jstring*, char const*)
 .text._ZNK4chip9ChipErrorneERKS0_
                0x000000000000f920       0x38 obj/src/setup_payload/java/libSetupPayloadParser.SetupPayloadParser-JNI.cpp.o
                0x000000000000f920                chip::ChipError::operator!=(chip::ChipError const&) const
 .text._ZN4chip9ChipErrorC2Ej
                0x000000000000f958       0x20 obj/src/setup_payload/java/libSetupPayloadParser.SetupPayloadParser-JNI.cpp.o
                0x000000000000f958                chip::ChipError::ChipError(unsigned int)
 .text._ZL32ThrowUnrecognizedQRCodeExceptionP7_JNIEnvP8_jstring
                0x000000000000f978      0x11c obj/src/setup_payload/java/libSetupPayloadParser.SetupPayloadParser-JNI.cpp.o
 .text._ZNK4chip9ChipError6FormatEv
                0x000000000000fa94       0x18 obj/src/setup_payload/java/libSetupPayloadParser.SetupPayloadParser-JNI.cpp.o
                0x000000000000fa94                chip::ChipError::Format() const
 .text._ZL21TransformSetupPayloadP7_JNIEnvRN4chip12SetupPayloadE
                0x000000000000faac      0x5f8 obj/src/setup_payload/java/libSetupPayloadParser.SetupPayloadParser-JNI.cpp.o
 .text._ZN4chip12SetupPayloadD2Ev
                0x00000000000100a4       0x40 obj/src/setup_payload/java/libSetupPayloadParser.SetupPayloadParser-JNI.cpp.o
                0x00000000000100a4                chip::SetupPayload::~SetupPayload()
 .text.Java_chip_setuppayload_SetupPayloadParser_fetchPayloadFromManualEntryCode
                0x00000000000100e4      0x1d4 obj/src/setup_payload/java/libSetupPayloadParser.SetupPayloadParser-JNI.cpp.o
                0x00000000000100e4                Java_chip_setuppayload_SetupPayloadParser_fetchPayloadFromManualEntryCode
 .text._ZN4chip24ManualSetupPayloadParserC2ENSt6__ndk112basic_stringIcNS1_11char_traitsIcEENS1_9allocatorIcEEEE
                0x00000000000102b8       0x40 obj/src/setup_payload/java/libSetupPayloadParser.SetupPayloadParser-JNI.cpp.o
                0x00000000000102b8                chip::ManualSetupPayloadParser::ManualSetupPayloadParser(std::__ndk1::basic_string<char, std::__ndk1::char_traits<char>, std::__ndk1::allocator<char> >)
 .text._ZN4chip24ManualSetupPayloadParserD2Ev
                0x00000000000102f8       0x24 obj/src/setup_payload/java/libSetupPayloadParser.SetupPayloadParser-JNI.cpp.o
                0x00000000000102f8                chip::ManualSetupPayloadParser::~ManualSetupPayloadParser()
 .text._ZL36ThrowInvalidEntryCodeFormatExceptionP7_JNIEnvP8_jstring
                0x000000000001031c      0x11c obj/src/setup_payload/java/libSetupPayloadParser.SetupPayloadParser-JNI.cpp.o
 .text._ZN4chip8BitFlagsINS_25RendezvousInformationFlagEhEC2IJEEES1_DpOT_
                0x0000000000010438       0x38 obj/src/setup_payload/java/libSetupPayloadParser.SetupPayloadParser-JNI.cpp.o
                0x0000000000010438                chip::BitFlags<chip::RendezvousInformationFlag, unsigned char>::BitFlags<>(chip::RendezvousInformationFlag)
 .text._ZNSt6__ndk13mapIhN4chip18OptionalQRCodeInfoENS_4lessIhEENS_9allocatorINS_4pairIKhS2_EEEEEC2Ev
                0x0000000000010470       0x44 obj/src/setup_payload/java/libSetupPayloadParser.SetupPayloadParser-JNI.cpp.o
                0x0000000000010470                std::__ndk1::map<unsigned char, chip::OptionalQRCodeInfo, std::__ndk1::less<unsigned char>, std::__ndk1::allocator<std::__ndk1::pair<unsigned char const, chip::OptionalQRCodeInfo> > >::map()
 .text._ZNSt6__ndk13mapIhN4chip27OptionalQRCodeInfoExtensionENS_4lessIhEENS_9allocatorINS_4pairIKhS2_EEEEEC2Ev
                0x00000000000104b4       0x44 obj/src/setup_payload/java/libSetupPayloadParser.SetupPayloadParser-JNI.cpp.o
                0x00000000000104b4                std::__ndk1::map<unsigned char, chip::OptionalQRCodeInfoExtension, std::__ndk1::less<unsigned char>, std::__ndk1::allocator<std::__ndk1::pair<unsigned char const, chip::OptionalQRCodeInfoExtension> > >::map()
 .text._ZN4chip8BitFlagsINS_25RendezvousInformationFlagEhE2OrES1_
                0x00000000000104f8       0x14 obj/src/setup_payload/java/libSetupPayloadParser.SetupPayloadParser-JNI.cpp.o
                0x00000000000104f8                chip::BitFlags<chip::RendezvousInformationFlag, unsigned char>::Or(chip::RendezvousInformationFlag)
 .text._ZNSt6__ndk119__map_value_compareIhNS_12__value_typeIhN4chip18OptionalQRCodeInfoEEENS_4lessIhEELb1EEC2ES6_
                0x000000000001050c       0x14 obj/src/setup_payload/java/libSetupPayloadParser.SetupPayloadParser-JNI.cpp.o
                0x000000000001050c                std::__ndk1::__map_value_compare<unsigned char, std::__ndk1::__value_type<unsigned char, chip::OptionalQRCodeInfo>, std::__ndk1::less<unsigned char>, true>::__map_value_compare(std::__ndk1::less<unsigned char>)
 .text._ZNSt6__ndk16__treeINS_12__value_typeIhN4chip18OptionalQRCodeInfoEEENS_19__map_value_compareIhS4_NS_4lessIhEELb1EEENS_9allocatorIS4_EEEC2ERKS8_
                0x0000000000010520       0x78 obj/src/setup_payload/java/libSetupPayloadParser.SetupPayloadParser-JNI.cpp.o
                0x0000000000010520                std::__ndk1::__tree<std::__ndk1::__value_type<unsigned char, chip::OptionalQRCodeInfo>, std::__ndk1::__map_value_compare<unsigned char, std::__ndk1::__value_type<unsigned char, chip::OptionalQRCodeInfo>, std::__ndk1::less<unsigned char>, true>, std::__ndk1::allocator<std::__ndk1::__value_type<unsigned char, chip::OptionalQRCodeInfo> > >::__tree(std::__ndk1::__map_value_compare<unsigned char, std::__ndk1::__value_type<unsigned char, chip::OptionalQRCodeInfo>, std::__ndk1::less<unsigned char>, true> const&)
 .text._ZNSt6__ndk117__compressed_pairINS_15__tree_end_nodeIPNS_16__tree_node_baseIPvEEEENS_9allocatorINS_11__tree_nodeINS_12__value_typeIhN4chip18OptionalQRCodeInfoEEES3_EEEEEC2ILb1EvEEv
                0x0000000000010598       0x34 obj/src/setup_payload/java/libSetupPayloadParser.SetupPayloadParser-JNI.cpp.o
                0x0000000000010598                std::__ndk1::__compressed_pair<std::__ndk1::__tree_end_node<std::__ndk1::__tree_node_base<void*>*>, std::__ndk1::allocator<std::__ndk1::__tree_node<std::__ndk1::__value_type<unsigned char, chip::OptionalQRCodeInfo>, void*> > >::__compressed_pair<true, void>()
 .text._ZNSt6__ndk117__compressed_pairImNS_19__map_value_compareIhNS_12__value_typeIhN4chip18OptionalQRCodeInfoEEENS_4lessIhEELb1EEEEC2IiRKS8_EEOT_OT0_
                0x00000000000105cc       0x64 obj/src/setup_payload/java/libSetupPayloadParser.SetupPayloadParser-JNI.cpp.o
                0x00000000000105cc                std::__ndk1::__compressed_pair<unsigned long, std::__ndk1::__map_value_compare<unsigned char, std::__ndk1::__value_type<unsigned char, chip::OptionalQRCodeInfo>, std::__ndk1::less<unsigned char>, true> >::__compressed_pair<int, std::__ndk1::__map_value_compare<unsigned char, std::__ndk1::__value_type<unsigned char, chip::OptionalQRCodeInfo>, std::__ndk1::less<unsigned char>, true> const&>(int&&, std::__ndk1::__map_value_compare<unsigned char, std::__ndk1::__value_type<unsigned char, chip::OptionalQRCodeInfo>, std::__ndk1::less<unsigned char>, true> const&)
 .text._ZNSt6__ndk16__treeINS_12__value_typeIhN4chip18OptionalQRCodeInfoEEENS_19__map_value_compareIhS4_NS_4lessIhEELb1EEENS_9allocatorIS4_EEE10__end_nodeEv
                0x0000000000010630       0x30 obj/src/setup_payload/java/libSetupPayloadParser.SetupPayloadParser-JNI.cpp.o
                0x0000000000010630                std::__ndk1::__tree<std::__ndk1::__value_type<unsigned char, chip::OptionalQRCodeInfo>, std::__ndk1::__map_value_compare<unsigned char, std::__ndk1::__value_type<unsigned char, chip::OptionalQRCodeInfo>, std::__ndk1::less<unsigned char>, true>, std::__ndk1::allocator<std::__ndk1::__value_type<unsigned char, chip::OptionalQRCodeInfo> > >::__end_node()
 .text._ZNSt6__ndk16__treeINS_12__value_typeIhN4chip18OptionalQRCodeInfoEEENS_19__map_value_compareIhS4_NS_4lessIhEELb1EEENS_9allocatorIS4_EEE12__begin_nodeEv
                0x0000000000010660       0x14 obj/src/setup_payload/java/libSetupPayloadParser.SetupPayloadParser-JNI.cpp.o
                0x0000000000010660                std::__ndk1::__tree<std::__ndk1::__value_type<unsigned char, chip::OptionalQRCodeInfo>, std::__ndk1::__map_value_compare<unsigned char, std::__ndk1::__value_type<unsigned char, chip::OptionalQRCodeInfo>, std::__ndk1::less<unsigned char>, true>, std::__ndk1::allocator<std::__ndk1::__value_type<unsigned char, chip::OptionalQRCodeInfo> > >::__begin_node()
 .text._ZNSt6__ndk122__compressed_pair_elemINS_15__tree_end_nodeIPNS_16__tree_node_baseIPvEEEELi0ELb0EEC2Ev
                0x0000000000010674       0x24 obj/src/setup_payload/java/libSetupPayloadParser.SetupPayloadParser-JNI.cpp.o
                0x0000000000010674                std::__ndk1::__compressed_pair_elem<std::__ndk1::__tree_end_node<std::__ndk1::__tree_node_base<void*>*>, 0, false>::__compressed_pair_elem()
 .text._ZNSt6__ndk122__compressed_pair_elemINS_9allocatorINS_11__tree_nodeINS_12__value_typeIhN4chip18OptionalQRCodeInfoEEEPvEEEELi1ELb1EEC2Ev
                0x0000000000010698       0x24 obj/src/setup_payload/java/libSetupPayloadParser.SetupPayloadParser-JNI.cpp.o
                0x0000000000010698                std::__ndk1::__compressed_pair_elem<std::__ndk1::allocator<std::__ndk1::__tree_node<std::__ndk1::__value_type<unsigned char, chip::OptionalQRCodeInfo>, void*> >, 1, true>::__compressed_pair_elem()
 .text._ZNSt6__ndk115__tree_end_nodeIPNS_16__tree_node_baseIPvEEEC2Ev
                0x00000000000106bc       0x1c obj/src/setup_payload/java/libSetupPayloadParser.SetupPayloadParser-JNI.cpp.o
                0x00000000000106bc                std::__ndk1::__tree_end_node<std::__ndk1::__tree_node_base<void*>*>::__tree_end_node()
 .text._ZNSt6__ndk19allocatorINS_11__tree_nodeINS_12__value_typeIhN4chip18OptionalQRCodeInfoEEEPvEEEC2Ev
                0x00000000000106d8       0x10 obj/src/setup_payload/java/libSetupPayloadParser.SetupPayloadParser-JNI.cpp.o
                0x00000000000106d8                std::__ndk1::allocator<std::__ndk1::__tree_node<std::__ndk1::__value_type<unsigned char, chip::OptionalQRCodeInfo>, void*> >::allocator()
 .text._ZNSt6__ndk17forwardIiEEOT_RNS_16remove_referenceIS1_E4typeE
                0x00000000000106e8       0x14 obj/src/setup_payload/java/libSetupPayloadParser.SetupPayloadParser-JNI.cpp.o
                0x00000000000106e8                int&& std::__ndk1::forward<int>(std::__ndk1::remove_reference<int>::type&)
 .text._ZNSt6__ndk122__compressed_pair_elemImLi0ELb0EEC2IivEEOT_
                0x00000000000106fc       0x3c obj/src/setup_payload/java/libSetupPayloadParser.SetupPayloadParser-JNI.cpp.o
                0x00000000000106fc                std::__ndk1::__compressed_pair_elem<unsigned long, 0, false>::__compressed_pair_elem<int, void>(int&&)
 .text._ZNSt6__ndk17forwardIRKNS_19__map_value_compareIhNS_12__value_typeIhN4chip18OptionalQRCodeInfoEEENS_4lessIhEELb1EEEEEOT_RNS_16remove_referenceISB_E4typeE
                0x0000000000010738       0x14 obj/src/setup_payload/java/libSetupPayloadParser.SetupPayloadParser-JNI.cpp.o
                0x0000000000010738                std::__ndk1::__map_value_compare<unsigned char, std::__ndk1::__value_type<unsigned char, chip::OptionalQRCodeInfo>, std::__ndk1::less<unsigned char>, true> const& std::__ndk1::forward<std::__ndk1::__map_value_compare<unsigned char, std::__ndk1::__value_type<unsigned char, chip::OptionalQRCodeInfo>, std::__ndk1::less<unsigned char>, true> const&>(std::__ndk1::remove_reference<std::__ndk1::__map_value_compare<unsigned char, std::__ndk1::__value_type<unsigned char, chip::OptionalQRCodeInfo>, std::__ndk1::less<unsigned char>, true> const&>::type&)
 .text._ZNSt6__ndk122__compressed_pair_elemINS_19__map_value_compareIhNS_12__value_typeIhN4chip18OptionalQRCodeInfoEEENS_4lessIhEELb1EEELi1ELb1EEC2IRKS8_vEEOT_
                0x000000000001074c       0x28 obj/src/setup_payload/java/libSetupPayloadParser.SetupPayloadParser-JNI.cpp.o
                0x000000000001074c                std::__ndk1::__compressed_pair_elem<std::__ndk1::__map_value_compare<unsigned char, std::__ndk1::__value_type<unsigned char, chip::OptionalQRCodeInfo>, std::__ndk1::less<unsigned char>, true>, 1, true>::__compressed_pair_elem<std::__ndk1::__map_value_compare<unsigned char, std::__ndk1::__value_type<unsigned char, chip::OptionalQRCodeInfo>, std::__ndk1::less<unsigned char>, true> const&, void>(std::__ndk1::__map_value_compare<unsigned char, std::__ndk1::__value_type<unsigned char, chip::OptionalQRCodeInfo>, std::__ndk1::less<unsigned char>, true> const&)
 .text._ZNSt6__ndk114pointer_traitsIPNS_15__tree_end_nodeIPNS_16__tree_node_baseIPvEEEEE10pointer_toERS6_
                0x0000000000010774       0x24 obj/src/setup_payload/java/libSetupPayloadParser.SetupPayloadParser-JNI.cpp.o
                0x0000000000010774                std::__ndk1::pointer_traits<std::__ndk1::__tree_end_node<std::__ndk1::__tree_node_base<void*>*>*>::pointer_to(std::__ndk1::__tree_end_node<std::__ndk1::__tree_node_base<void*>*>&)
 .text._ZNSt6__ndk117__compressed_pairINS_15__tree_end_nodeIPNS_16__tree_node_baseIPvEEEENS_9allocatorINS_11__tree_nodeINS_12__value_typeIhN4chip18OptionalQRCodeInfoEEES3_EEEEE5firstEv
                0x0000000000010798       0x24 obj/src/setup_payload/java/libSetupPayloadParser.SetupPayloadParser-JNI.cpp.o
                0x0000000000010798                std::__ndk1::__compressed_pair<std::__ndk1::__tree_end_node<std::__ndk1::__tree_node_base<void*>*>, std::__ndk1::allocator<std::__ndk1::__tree_node<std::__ndk1::__value_type<unsigned char, chip::OptionalQRCodeInfo>, void*> > >::first()
 .text._ZNSt6__ndk19addressofINS_15__tree_end_nodeIPNS_16__tree_node_baseIPvEEEEEEPT_RS7_
                0x00000000000107bc       0x14 obj/src/setup_payload/java/libSetupPayloadParser.SetupPayloadParser-JNI.cpp.o
                0x00000000000107bc                std::__ndk1::__tree_end_node<std::__ndk1::__tree_node_base<void*>*>* std::__ndk1::addressof<std::__ndk1::__tree_end_node<std::__ndk1::__tree_node_base<void*>*> >(std::__ndk1::__tree_end_node<std::__ndk1::__tree_node_base<void*>*>&)
 .text._ZNSt6__ndk122__compressed_pair_elemINS_15__tree_end_nodeIPNS_16__tree_node_baseIPvEEEELi0ELb0EE5__getEv
                0x00000000000107d0       0x14 obj/src/setup_payload/java/libSetupPayloadParser.SetupPayloadParser-JNI.cpp.o
                0x00000000000107d0                std::__ndk1::__compressed_pair_elem<std::__ndk1::__tree_end_node<std::__ndk1::__tree_node_base<void*>*>, 0, false>::__get()
 .text._ZNSt6__ndk119__map_value_compareIhNS_12__value_typeIhN4chip27OptionalQRCodeInfoExtensionEEENS_4lessIhEELb1EEC2ES6_
                0x00000000000107e4       0x14 obj/src/setup_payload/java/libSetupPayloadParser.SetupPayloadParser-JNI.cpp.o
                0x00000000000107e4                std::__ndk1::__map_value_compare<unsigned char, std::__ndk1::__value_type<unsigned char, chip::OptionalQRCodeInfoExtension>, std::__ndk1::less<unsigned char>, true>::__map_value_compare(std::__ndk1::less<unsigned char>)
 .text._ZNSt6__ndk16__treeINS_12__value_typeIhN4chip27OptionalQRCodeInfoExtensionEEENS_19__map_value_compareIhS4_NS_4lessIhEELb1EEENS_9allocatorIS4_EEEC2ERKS8_
                0x00000000000107f8       0x78 obj/src/setup_payload/java/libSetupPayloadParser.SetupPayloadParser-JNI.cpp.o
                0x00000000000107f8                std::__ndk1::__tree<std::__ndk1::__value_type<unsigned char, chip::OptionalQRCodeInfoExtension>, std::__ndk1::__map_value_compare<unsigned char, std::__ndk1::__value_type<unsigned char, chip::OptionalQRCodeInfoExtension>, std::__ndk1::less<unsigned char>, true>, std::__ndk1::allocator<std::__ndk1::__value_type<unsigned char, chip::OptionalQRCodeInfoExtension> > >::__tree(std::__ndk1::__map_value_compare<unsigned char, std::__ndk1::__value_type<unsigned char, chip::OptionalQRCodeInfoExtension>, std::__ndk1::less<unsigned char>, true> const&)
 .text._ZNSt6__ndk117__compressed_pairINS_15__tree_end_nodeIPNS_16__tree_node_baseIPvEEEENS_9allocatorINS_11__tree_nodeINS_12__value_typeIhN4chip27OptionalQRCodeInfoExtensionEEES3_EEEEEC2ILb1EvEEv
                0x0000000000010870       0x34 obj/src/setup_payload/java/libSetupPayloadParser.SetupPayloadParser-JNI.cpp.o
                0x0000000000010870                std::__ndk1::__compressed_pair<std::__ndk1::__tree_end_node<std::__ndk1::__tree_node_base<void*>*>, std::__ndk1::allocator<std::__ndk1::__tree_node<std::__ndk1::__value_type<unsigned char, chip::OptionalQRCodeInfoExtension>, void*> > >::__compressed_pair<true, void>()
 .text._ZNSt6__ndk117__compressed_pairImNS_19__map_value_compareIhNS_12__value_typeIhN4chip27OptionalQRCodeInfoExtensionEEENS_4lessIhEELb1EEEEC2IiRKS8_EEOT_OT0_
                0x00000000000108a4       0x64 obj/src/setup_payload/java/libSetupPayloadParser.SetupPayloadParser-JNI.cpp.o
                0x00000000000108a4                std::__ndk1::__compressed_pair<unsigned long, std::__ndk1::__map_value_compare<unsigned char, std::__ndk1::__value_type<unsigned char, chip::OptionalQRCodeInfoExtension>, std::__ndk1::less<unsigned char>, true> >::__compressed_pair<int, std::__ndk1::__map_value_compare<unsigned char, std::__ndk1::__value_type<unsigned char, chip::OptionalQRCodeInfoExtension>, std::__ndk1::less<unsigned char>, true> const&>(int&&, std::__ndk1::__map_value_compare<unsigned char, std::__ndk1::__value_type<unsigned char, chip::OptionalQRCodeInfoExtension>, std::__ndk1::less<unsigned char>, true> const&)
 .text._ZNSt6__ndk16__treeINS_12__value_typeIhN4chip27OptionalQRCodeInfoExtensionEEENS_19__map_value_compareIhS4_NS_4lessIhEELb1EEENS_9allocatorIS4_EEE10__end_nodeEv
                0x0000000000010908       0x30 obj/src/setup_payload/java/libSetupPayloadParser.SetupPayloadParser-JNI.cpp.o
                0x0000000000010908                std::__ndk1::__tree<std::__ndk1::__value_type<unsigned char, chip::OptionalQRCodeInfoExtension>, std::__ndk1::__map_value_compare<unsigned char, std::__ndk1::__value_type<unsigned char, chip::OptionalQRCodeInfoExtension>, std::__ndk1::less<unsigned char>, true>, std::__ndk1::allocator<std::__ndk1::__value_type<unsigned char, chip::OptionalQRCodeInfoExtension> > >::__end_node()
 .text._ZNSt6__ndk16__treeINS_12__value_typeIhN4chip27OptionalQRCodeInfoExtensionEEENS_19__map_value_compareIhS4_NS_4lessIhEELb1EEENS_9allocatorIS4_EEE12__begin_nodeEv
                0x0000000000010938       0x14 obj/src/setup_payload/java/libSetupPayloadParser.SetupPayloadParser-JNI.cpp.o
                0x0000000000010938                std::__ndk1::__tree<std::__ndk1::__value_type<unsigned char, chip::OptionalQRCodeInfoExtension>, std::__ndk1::__map_value_compare<unsigned char, std::__ndk1::__value_type<unsigned char, chip::OptionalQRCodeInfoExtension>, std::__ndk1::less<unsigned char>, true>, std::__ndk1::allocator<std::__ndk1::__value_type<unsigned char, chip::OptionalQRCodeInfoExtension> > >::__begin_node()
 .text._ZNSt6__ndk122__compressed_pair_elemINS_9allocatorINS_11__tree_nodeINS_12__value_typeIhN4chip27OptionalQRCodeInfoExtensionEEEPvEEEELi1ELb1EEC2Ev
                0x000000000001094c       0x24 obj/src/setup_payload/java/libSetupPayloadParser.SetupPayloadParser-JNI.cpp.o
                0x000000000001094c                std::__ndk1::__compressed_pair_elem<std::__ndk1::allocator<std::__ndk1::__tree_node<std::__ndk1::__value_type<unsigned char, chip::OptionalQRCodeInfoExtension>, void*> >, 1, true>::__compressed_pair_elem()
 .text._ZNSt6__ndk19allocatorINS_11__tree_nodeINS_12__value_typeIhN4chip27OptionalQRCodeInfoExtensionEEEPvEEEC2Ev
                0x0000000000010970       0x10 obj/src/setup_payload/java/libSetupPayloadParser.SetupPayloadParser-JNI.cpp.o
                0x0000000000010970                std::__ndk1::allocator<std::__ndk1::__tree_node<std::__ndk1::__value_type<unsigned char, chip::OptionalQRCodeInfoExtension>, void*> >::allocator()
 .text._ZNSt6__ndk17forwardIRKNS_19__map_value_compareIhNS_12__value_typeIhN4chip27OptionalQRCodeInfoExtensionEEENS_4lessIhEELb1EEEEEOT_RNS_16remove_referenceISB_E4typeE
                0x0000000000010980       0x14 obj/src/setup_payload/java/libSetupPayloadParser.SetupPayloadParser-JNI.cpp.o
                0x0000000000010980                std::__ndk1::__map_value_compare<unsigned char, std::__ndk1::__value_type<unsigned char, chip::OptionalQRCodeInfoExtension>, std::__ndk1::less<unsigned char>, true> const& std::__ndk1::forward<std::__ndk1::__map_value_compare<unsigned char, std::__ndk1::__value_type<unsigned char, chip::OptionalQRCodeInfoExtension>, std::__ndk1::less<unsigned char>, true> const&>(std::__ndk1::remove_reference<std::__ndk1::__map_value_compare<unsigned char, std::__ndk1::__value_type<unsigned char, chip::OptionalQRCodeInfoExtension>, std::__ndk1::less<unsigned char>, true> const&>::type&)
 .text._ZNSt6__ndk122__compressed_pair_elemINS_19__map_value_compareIhNS_12__value_typeIhN4chip27OptionalQRCodeInfoExtensionEEENS_4lessIhEELb1EEELi1ELb1EEC2IRKS8_vEEOT_
                0x0000000000010994       0x28 obj/src/setup_payload/java/libSetupPayloadParser.SetupPayloadParser-JNI.cpp.o
                0x0000000000010994                std::__ndk1::__compressed_pair_elem<std::__ndk1::__map_value_compare<unsigned char, std::__ndk1::__value_type<unsigned char, chip::OptionalQRCodeInfoExtension>, std::__ndk1::less<unsigned char>, true>, 1, true>::__compressed_pair_elem<std::__ndk1::__map_value_compare<unsigned char, std::__ndk1::__value_type<unsigned char, chip::OptionalQRCodeInfoExtension>, std::__ndk1::less<unsigned char>, true> const&, void>(std::__ndk1::__map_value_compare<unsigned char, std::__ndk1::__value_type<unsigned char, chip::OptionalQRCodeInfoExtension>, std::__ndk1::less<unsigned char>, true> const&)
 .text._ZNSt6__ndk117__compressed_pairINS_15__tree_end_nodeIPNS_16__tree_node_baseIPvEEEENS_9allocatorINS_11__tree_nodeINS_12__value_typeIhN4chip27OptionalQRCodeInfoExtensionEEES3_EEEEE5firstEv
                0x00000000000109bc       0x24 obj/src/setup_payload/java/libSetupPayloadParser.SetupPayloadParser-JNI.cpp.o
                0x00000000000109bc                std::__ndk1::__compressed_pair<std::__ndk1::__tree_end_node<std::__ndk1::__tree_node_base<void*>*>, std::__ndk1::allocator<std::__ndk1::__tree_node<std::__ndk1::__value_type<unsigned char, chip::OptionalQRCodeInfoExtension>, void*> > >::first()
 .text._ZNSt6__ndk14moveIRNS_12basic_stringIcNS_11char_traitsIcEENS_9allocatorIcEEEEEEONS_16remove_referenceIT_E4typeEOS9_
                0x00000000000109e0       0x14 obj/src/setup_payload/java/libSetupPayloadParser.SetupPayloadParser-JNI.cpp.o
                0x00000000000109e0                std::__ndk1::remove_reference<std::__ndk1::basic_string<char, std::__ndk1::char_traits<char>, std::__ndk1::allocator<char> >&>::type&& std::__ndk1::move<std::__ndk1::basic_string<char, std::__ndk1::char_traits<char>, std::__ndk1::allocator<char> >&>(std::__ndk1::basic_string<char, std::__ndk1::char_traits<char>, std::__ndk1::allocator<char> >&)
 .text._ZNSt6__ndk112basic_stringIcNS_11char_traitsIcEENS_9allocatorIcEEEC2EOS5_
                0x00000000000109f4       0x5c obj/src/setup_payload/java/libSetupPayloadParser.SetupPayloadParser-JNI.cpp.o
                0x00000000000109f4                std::__ndk1::basic_string<char, std::__ndk1::char_traits<char>, std::__ndk1::allocator<char> >::basic_string(std::__ndk1::basic_string<char, std::__ndk1::char_traits<char>, std::__ndk1::allocator<char> >&&)
 .text._ZNSt6__ndk14moveIRNS_17__compressed_pairINS_12basic_stringIcNS_11char_traitsIcEENS_9allocatorIcEEE5__repES6_EEEEONS_16remove_referenceIT_E4typeEOSC_
                0x0000000000010a50       0x14 obj/src/setup_payload/java/libSetupPayloadParser.SetupPayloadParser-JNI.cpp.o
                0x0000000000010a50                std::__ndk1::remove_reference<std::__ndk1::__compressed_pair<std::__ndk1::basic_string<char, std::__ndk1::char_traits<char>, std::__ndk1::allocator<char> >::__rep, std::__ndk1::allocator<char> >&>::type&& std::__ndk1::move<std::__ndk1::__compressed_pair<std::__ndk1::basic_string<char, std::__ndk1::char_traits<char>, std::__ndk1::allocator<char> >::__rep, std::__ndk1::allocator<char> >&>(std::__ndk1::__compressed_pair<std::__ndk1::basic_string<char, std::__ndk1::char_traits<char>, std::__ndk1::allocator<char> >::__rep, std::__ndk1::allocator<char> >&)
 .text._ZNSt6__ndk112basic_stringIcNS_11char_traitsIcEENS_9allocatorIcEEE6__zeroEv
                0x0000000000010a64       0x68 obj/src/setup_payload/java/libSetupPayloadParser.SetupPayloadParser-JNI.cpp.o
                0x0000000000010a64                std::__ndk1::basic_string<char, std::__ndk1::char_traits<char>, std::__ndk1::allocator<char> >::__zero()
 .text._ZNSt6__ndk117__compressed_pairINS_12basic_stringIcNS_11char_traitsIcEENS_9allocatorIcEEE5__repES5_E5firstEv
                0x0000000000010acc       0x24 obj/src/setup_payload/java/libSetupPayloadParser.SetupPayloadParser-JNI.cpp.o
                0x0000000000010acc                std::__ndk1::__compressed_pair<std::__ndk1::basic_string<char, std::__ndk1::char_traits<char>, std::__ndk1::allocator<char> >::__rep, std::__ndk1::allocator<char> >::first()
 .text._ZNSt6__ndk122__compressed_pair_elemINS_12basic_stringIcNS_11char_traitsIcEENS_9allocatorIcEEE5__repELi0ELb0EE5__getEv
                0x0000000000010af0       0x14 obj/src/setup_payload/java/libSetupPayloadParser.SetupPayloadParser-JNI.cpp.o
                0x0000000000010af0                std::__ndk1::__compressed_pair_elem<std::__ndk1::basic_string<char, std::__ndk1::char_traits<char>, std::__ndk1::allocator<char> >::__rep, 0, false>::__get()
 .text._ZNSt6__ndk13mapIhN4chip27OptionalQRCodeInfoExtensionENS_4lessIhEENS_9allocatorINS_4pairIKhS2_EEEEED2Ev
                0x0000000000010b04       0x24 obj/src/setup_payload/java/libSetupPayloadParser.SetupPayloadParser-JNI.cpp.o
                0x0000000000010b04                std::__ndk1::map<unsigned char, chip::OptionalQRCodeInfoExtension, std::__ndk1::less<unsigned char>, std::__ndk1::allocator<std::__ndk1::pair<unsigned char const, chip::OptionalQRCodeInfoExtension> > >::~map()
 .text._ZNSt6__ndk13mapIhN4chip18OptionalQRCodeInfoENS_4lessIhEENS_9allocatorINS_4pairIKhS2_EEEEED2Ev
                0x0000000000010b28       0x24 obj/src/setup_payload/java/libSetupPayloadParser.SetupPayloadParser-JNI.cpp.o
                0x0000000000010b28                std::__ndk1::map<unsigned char, chip::OptionalQRCodeInfo, std::__ndk1::less<unsigned char>, std::__ndk1::allocator<std::__ndk1::pair<unsigned char const, chip::OptionalQRCodeInfo> > >::~map()
 .text._ZNSt6__ndk16__treeINS_12__value_typeIhN4chip27OptionalQRCodeInfoExtensionEEENS_19__map_value_compareIhS4_NS_4lessIhEELb1EEENS_9allocatorIS4_EEED2Ev
                0x0000000000010b4c       0x40 obj/src/setup_payload/java/libSetupPayloadParser.SetupPayloadParser-JNI.cpp.o
                0x0000000000010b4c                std::__ndk1::__tree<std::__ndk1::__value_type<unsigned char, chip::OptionalQRCodeInfoExtension>, std::__ndk1::__map_value_compare<unsigned char, std::__ndk1::__value_type<unsigned char, chip::OptionalQRCodeInfoExtension>, std::__ndk1::less<unsigned char>, true>, std::__ndk1::allocator<std::__ndk1::__value_type<unsigned char, chip::OptionalQRCodeInfoExtension> > >::~__tree()
 .text._ZNSt6__ndk16__treeINS_12__value_typeIhN4chip27OptionalQRCodeInfoExtensionEEENS_19__map_value_compareIhS4_NS_4lessIhEELb1EEENS_9allocatorIS4_EEE7destroyEPNS_11__tree_nodeIS4_PvEE
                0x0000000000010b8c       0xa8 obj/src/setup_payload/java/libSetupPayloadParser.SetupPayloadParser-JNI.cpp.o
                0x0000000000010b8c                std::__ndk1::__tree<std::__ndk1::__value_type<unsigned char, chip::OptionalQRCodeInfoExtension>, std::__ndk1::__map_value_compare<unsigned char, std::__ndk1::__value_type<unsigned char, chip::OptionalQRCodeInfoExtension>, std::__ndk1::less<unsigned char>, true>, std::__ndk1::allocator<std::__ndk1::__value_type<unsigned char, chip::OptionalQRCodeInfoExtension> > >::destroy(std::__ndk1::__tree_node<std::__ndk1::__value_type<unsigned char, chip::OptionalQRCodeInfoExtension>, void*>*)
 .text._ZNKSt6__ndk16__treeINS_12__value_typeIhN4chip27OptionalQRCodeInfoExtensionEEENS_19__map_value_compareIhS4_NS_4lessIhEELb1EEENS_9allocatorIS4_EEE6__rootEv
                0x0000000000010c34       0x28 obj/src/setup_payload/java/libSetupPayloadParser.SetupPayloadParser-JNI.cpp.o
                0x0000000000010c34                std::__ndk1::__tree<std::__ndk1::__value_type<unsigned char, chip::OptionalQRCodeInfoExtension>, std::__ndk1::__map_value_compare<unsigned char, std::__ndk1::__value_type<unsigned char, chip::OptionalQRCodeInfoExtension>, std::__ndk1::less<unsigned char>, true>, std::__ndk1::allocator<std::__ndk1::__value_type<unsigned char, chip::OptionalQRCodeInfoExtension> > >::__root() const
 .text._ZNSt6__ndk16__treeINS_12__value_typeIhN4chip27OptionalQRCodeInfoExtensionEEENS_19__map_value_compareIhS4_NS_4lessIhEELb1EEENS_9allocatorIS4_EEE12__node_allocEv
                0x0000000000010c5c       0x2c obj/src/setup_payload/java/libSetupPayloadParser.SetupPayloadParser-JNI.cpp.o
                0x0000000000010c5c                std::__ndk1::__tree<std::__ndk1::__value_type<unsigned char, chip::OptionalQRCodeInfoExtension>, std::__ndk1::__map_value_compare<unsigned char, std::__ndk1::__value_type<unsigned char, chip::OptionalQRCodeInfoExtension>, std::__ndk1::less<unsigned char>, true>, std::__ndk1::allocator<std::__ndk1::__value_type<unsigned char, chip::OptionalQRCodeInfoExtension> > >::__node_alloc()
 .text._ZNSt6__ndk116allocator_traitsINS_9allocatorINS_11__tree_nodeINS_12__value_typeIhN4chip27OptionalQRCodeInfoExtensionEEEPvEEEEE7destroyINS_4pairIKhS5_EEEEvRS9_PT_
                0x0000000000010c88       0x30 obj/src/setup_payload/java/libSetupPayloadParser.SetupPayloadParser-JNI.cpp.o
                0x0000000000010c88                void std::__ndk1::allocator_traits<std::__ndk1::allocator<std::__ndk1::__tree_node<std::__ndk1::__value_type<unsigned char, chip::OptionalQRCodeInfoExtension>, void*> > >::destroy<std::__ndk1::pair<unsigned char const, chip::OptionalQRCodeInfoExtension> >(std::__ndk1::allocator<std::__ndk1::__tree_node<std::__ndk1::__value_type<unsigned char, chip::OptionalQRCodeInfoExtension>, void*> >&, std::__ndk1::pair<unsigned char const, chip::OptionalQRCodeInfoExtension>*)
 .text._ZNSt6__ndk122__tree_key_value_typesINS_12__value_typeIhN4chip27OptionalQRCodeInfoExtensionEEEE9__get_ptrERS4_
                0x0000000000010cb8       0x28 obj/src/setup_payload/java/libSetupPayloadParser.SetupPayloadParser-JNI.cpp.o
                0x0000000000010cb8                std::__ndk1::__tree_key_value_types<std::__ndk1::__value_type<unsigned char, chip::OptionalQRCodeInfoExtension> >::__get_ptr(std::__ndk1::__value_type<unsigned char, chip::OptionalQRCodeInfoExtension>&)
 .text._ZNSt6__ndk116allocator_traitsINS_9allocatorINS_11__tree_nodeINS_12__value_typeIhN4chip27OptionalQRCodeInfoExtensionEEEPvEEEEE10deallocateERS9_PS8_m
                0x0000000000010ce0       0x34 obj/src/setup_payload/java/libSetupPayloadParser.SetupPayloadParser-JNI.cpp.o
                0x0000000000010ce0                std::__ndk1::allocator_traits<std::__ndk1::allocator<std::__ndk1::__tree_node<std::__ndk1::__value_type<unsigned char, chip::OptionalQRCodeInfoExtension>, void*> > >::deallocate(std::__ndk1::allocator<std::__ndk1::__tree_node<std::__ndk1::__value_type<unsigned char, chip::OptionalQRCodeInfoExtension>, void*> >&, std::__ndk1::__tree_node<std::__ndk1::__value_type<unsigned char, chip::OptionalQRCodeInfoExtension>, void*>*, unsigned long)
 .text._ZNSt6__ndk117__compressed_pairINS_15__tree_end_nodeIPNS_16__tree_node_baseIPvEEEENS_9allocatorINS_11__tree_nodeINS_12__value_typeIhN4chip27OptionalQRCodeInfoExtensionEEES3_EEEEE6secondEv
                0x0000000000010d14       0x24 obj/src/setup_payload/java/libSetupPayloadParser.SetupPayloadParser-JNI.cpp.o
                0x0000000000010d14                std::__ndk1::__compressed_pair<std::__ndk1::__tree_end_node<std::__ndk1::__tree_node_base<void*>*>, std::__ndk1::allocator<std::__ndk1::__tree_node<std::__ndk1::__value_type<unsigned char, chip::OptionalQRCodeInfoExtension>, void*> > >::second()
 .text._ZNSt6__ndk122__compressed_pair_elemINS_9allocatorINS_11__tree_nodeINS_12__value_typeIhN4chip27OptionalQRCodeInfoExtensionEEEPvEEEELi1ELb1EE5__getEv
                0x0000000000010d38       0x14 obj/src/setup_payload/java/libSetupPayloadParser.SetupPayloadParser-JNI.cpp.o
                0x0000000000010d38                std::__ndk1::__compressed_pair_elem<std::__ndk1::allocator<std::__ndk1::__tree_node<std::__ndk1::__value_type<unsigned char, chip::OptionalQRCodeInfoExtension>, void*> >, 1, true>::__get()
 .text._ZNSt6__ndk116allocator_traitsINS_9allocatorINS_11__tree_nodeINS_12__value_typeIhN4chip27OptionalQRCodeInfoExtensionEEEPvEEEEE9__destroyINS_4pairIKhS5_EEEEvNS_17integral_constantIbLb0EEERS9_PT_
                0x0000000000010d4c       0x2c obj/src/setup_payload/java/libSetupPayloadParser.SetupPayloadParser-JNI.cpp.o
                0x0000000000010d4c                void std::__ndk1::allocator_traits<std::__ndk1::allocator<std::__ndk1::__tree_node<std::__ndk1::__value_type<unsigned char, chip::OptionalQRCodeInfoExtension>, void*> > >::__destroy<std::__ndk1::pair<unsigned char const, chip::OptionalQRCodeInfoExtension> >(std::__ndk1::integral_constant<bool, false>, std::__ndk1::allocator<std::__ndk1::__tree_node<std::__ndk1::__value_type<unsigned char, chip::OptionalQRCodeInfoExtension>, void*> >&, std::__ndk1::pair<unsigned char const, chip::OptionalQRCodeInfoExtension>*)
 .text._ZNSt6__ndk14pairIKhN4chip27OptionalQRCodeInfoExtensionEED2Ev
                0x0000000000010d78       0x2c obj/src/setup_payload/java/libSetupPayloadParser.SetupPayloadParser-JNI.cpp.o
                0x0000000000010d78                std::__ndk1::pair<unsigned char const, chip::OptionalQRCodeInfoExtension>::~pair()
 .text._ZN4chip27OptionalQRCodeInfoExtensionD2Ev
                0x0000000000010da4       0x24 obj/src/setup_payload/java/libSetupPayloadParser.SetupPayloadParser-JNI.cpp.o
                0x0000000000010da4                chip::OptionalQRCodeInfoExtension::~OptionalQRCodeInfoExtension()
 .text._ZNSt6__ndk19addressofINS_4pairIKhN4chip27OptionalQRCodeInfoExtensionEEEEEPT_RS6_
                0x0000000000010dc8       0x14 obj/src/setup_payload/java/libSetupPayloadParser.SetupPayloadParser-JNI.cpp.o
                0x0000000000010dc8                std::__ndk1::pair<unsigned char const, chip::OptionalQRCodeInfoExtension>* std::__ndk1::addressof<std::__ndk1::pair<unsigned char const, chip::OptionalQRCodeInfoExtension> >(std::__ndk1::pair<unsigned char const, chip::OptionalQRCodeInfoExtension>&)
 .text._ZNSt6__ndk112__value_typeIhN4chip27OptionalQRCodeInfoExtensionEE11__get_valueEv
                0x0000000000010ddc       0x14 obj/src/setup_payload/java/libSetupPayloadParser.SetupPayloadParser-JNI.cpp.o
                0x0000000000010ddc                std::__ndk1::__value_type<unsigned char, chip::OptionalQRCodeInfoExtension>::__get_value()
 .text._ZNSt6__ndk19allocatorINS_11__tree_nodeINS_12__value_typeIhN4chip27OptionalQRCodeInfoExtensionEEEPvEEE10deallocateEPS7_m
                0x0000000000010df0       0x40 obj/src/setup_payload/java/libSetupPayloadParser.SetupPayloadParser-JNI.cpp.o
                0x0000000000010df0                std::__ndk1::allocator<std::__ndk1::__tree_node<std::__ndk1::__value_type<unsigned char, chip::OptionalQRCodeInfoExtension>, void*> >::deallocate(std::__ndk1::__tree_node<std::__ndk1::__value_type<unsigned char, chip::OptionalQRCodeInfoExtension>, void*>*, unsigned long)
 .text._ZNSt6__ndk119__libcpp_deallocateEPvmm
                0x0000000000010e30       0x34 obj/src/setup_payload/java/libSetupPayloadParser.SetupPayloadParser-JNI.cpp.o
                0x0000000000010e30                std::__ndk1::__libcpp_deallocate(void*, unsigned long, unsigned long)
 .text._ZNSt6__ndk117_DeallocateCaller33__do_deallocate_handle_size_alignEPvmm
                0x0000000000010e64       0x30 obj/src/setup_payload/java/libSetupPayloadParser.SetupPayloadParser-JNI.cpp.o
                0x0000000000010e64                std::__ndk1::_DeallocateCaller::__do_deallocate_handle_size_align(void*, unsigned long, unsigned long)
 .text._ZNSt6__ndk117_DeallocateCaller27__do_deallocate_handle_sizeEPvm
                0x0000000000010e94       0x28 obj/src/setup_payload/java/libSetupPayloadParser.SetupPayloadParser-JNI.cpp.o
                0x0000000000010e94                std::__ndk1::_DeallocateCaller::__do_deallocate_handle_size(void*, unsigned long)
 .text._ZNSt6__ndk117_DeallocateCaller9__do_callEPv
                0x0000000000010ebc       0x24 obj/src/setup_payload/java/libSetupPayloadParser.SetupPayloadParser-JNI.cpp.o
                0x0000000000010ebc                std::__ndk1::_DeallocateCaller::__do_call(void*)
 .text._ZNKSt6__ndk16__treeINS_12__value_typeIhN4chip27OptionalQRCodeInfoExtensionEEENS_19__map_value_compareIhS4_NS_4lessIhEELb1EEENS_9allocatorIS4_EEE10__end_nodeEv
                0x0000000000010ee0       0x30 obj/src/setup_payload/java/libSetupPayloadParser.SetupPayloadParser-JNI.cpp.o
                0x0000000000010ee0                std::__ndk1::__tree<std::__ndk1::__value_type<unsigned char, chip::OptionalQRCodeInfoExtension>, std::__ndk1::__map_value_compare<unsigned char, std::__ndk1::__value_type<unsigned char, chip::OptionalQRCodeInfoExtension>, std::__ndk1::less<unsigned char>, true>, std::__ndk1::allocator<std::__ndk1::__value_type<unsigned char, chip::OptionalQRCodeInfoExtension> > >::__end_node() const
 .text._ZNKSt6__ndk117__compressed_pairINS_15__tree_end_nodeIPNS_16__tree_node_baseIPvEEEENS_9allocatorINS_11__tree_nodeINS_12__value_typeIhN4chip27OptionalQRCodeInfoExtensionEEES3_EEEEE5firstEv
                0x0000000000010f10       0x24 obj/src/setup_payload/java/libSetupPayloadParser.SetupPayloadParser-JNI.cpp.o
                0x0000000000010f10                std::__ndk1::__compressed_pair<std::__ndk1::__tree_end_node<std::__ndk1::__tree_node_base<void*>*>, std::__ndk1::allocator<std::__ndk1::__tree_node<std::__ndk1::__value_type<unsigned char, chip::OptionalQRCodeInfoExtension>, void*> > >::first() const
 .text._ZNKSt6__ndk122__compressed_pair_elemINS_15__tree_end_nodeIPNS_16__tree_node_baseIPvEEEELi0ELb0EE5__getEv
                0x0000000000010f34       0x14 obj/src/setup_payload/java/libSetupPayloadParser.SetupPayloadParser-JNI.cpp.o
                0x0000000000010f34                std::__ndk1::__compressed_pair_elem<std::__ndk1::__tree_end_node<std::__ndk1::__tree_node_base<void*>*>, 0, false>::__get() const
 .text._ZNSt6__ndk16__treeINS_12__value_typeIhN4chip18OptionalQRCodeInfoEEENS_19__map_value_compareIhS4_NS_4lessIhEELb1EEENS_9allocatorIS4_EEED2Ev
                0x0000000000010f48       0x40 obj/src/setup_payload/java/libSetupPayloadParser.SetupPayloadParser-JNI.cpp.o
                0x0000000000010f48                std::__ndk1::__tree<std::__ndk1::__value_type<unsigned char, chip::OptionalQRCodeInfo>, std::__ndk1::__map_value_compare<unsigned char, std::__ndk1::__value_type<unsigned char, chip::OptionalQRCodeInfo>, std::__ndk1::less<unsigned char>, true>, std::__ndk1::allocator<std::__ndk1::__value_type<unsigned char, chip::OptionalQRCodeInfo> > >::~__tree()
 .text._ZNSt6__ndk16__treeINS_12__value_typeIhN4chip18OptionalQRCodeInfoEEENS_19__map_value_compareIhS4_NS_4lessIhEELb1EEENS_9allocatorIS4_EEE7destroyEPNS_11__tree_nodeIS4_PvEE
                0x0000000000010f88       0xa8 obj/src/setup_payload/java/libSetupPayloadParser.SetupPayloadParser-JNI.cpp.o
                0x0000000000010f88                std::__ndk1::__tree<std::__ndk1::__value_type<unsigned char, chip::OptionalQRCodeInfo>, std::__ndk1::__map_value_compare<unsigned char, std::__ndk1::__value_type<unsigned char, chip::OptionalQRCodeInfo>, std::__ndk1::less<unsigned char>, true>, std::__ndk1::allocator<std::__ndk1::__value_type<unsigned char, chip::OptionalQRCodeInfo> > >::destroy(std::__ndk1::__tree_node<std::__ndk1::__value_type<unsigned char, chip::OptionalQRCodeInfo>, void*>*)
 .text._ZNKSt6__ndk16__treeINS_12__value_typeIhN4chip18OptionalQRCodeInfoEEENS_19__map_value_compareIhS4_NS_4lessIhEELb1EEENS_9allocatorIS4_EEE6__rootEv
                0x0000000000011030       0x28 obj/src/setup_payload/java/libSetupPayloadParser.SetupPayloadParser-JNI.cpp.o
                0x0000000000011030                std::__ndk1::__tree<std::__ndk1::__value_type<unsigned char, chip::OptionalQRCodeInfo>, std::__ndk1::__map_value_compare<unsigned char, std::__ndk1::__value_type<unsigned char, chip::OptionalQRCodeInfo>, std::__ndk1::less<unsigned char>, true>, std::__ndk1::allocator<std::__ndk1::__value_type<unsigned char, chip::OptionalQRCodeInfo> > >::__root() const
 .text._ZNSt6__ndk16__treeINS_12__value_typeIhN4chip18OptionalQRCodeInfoEEENS_19__map_value_compareIhS4_NS_4lessIhEELb1EEENS_9allocatorIS4_EEE12__node_allocEv
                0x0000000000011058       0x2c obj/src/setup_payload/java/libSetupPayloadParser.SetupPayloadParser-JNI.cpp.o
                0x0000000000011058                std::__ndk1::__tree<std::__ndk1::__value_type<unsigned char, chip::OptionalQRCodeInfo>, std::__ndk1::__map_value_compare<unsigned char, std::__ndk1::__value_type<unsigned char, chip::OptionalQRCodeInfo>, std::__ndk1::less<unsigned char>, true>, std::__ndk1::allocator<std::__ndk1::__value_type<unsigned char, chip::OptionalQRCodeInfo> > >::__node_alloc()
 .text._ZNSt6__ndk116allocator_traitsINS_9allocatorINS_11__tree_nodeINS_12__value_typeIhN4chip18OptionalQRCodeInfoEEEPvEEEEE7destroyINS_4pairIKhS5_EEEEvRS9_PT_
                0x0000000000011084       0x30 obj/src/setup_payload/java/libSetupPayloadParser.SetupPayloadParser-JNI.cpp.o
                0x0000000000011084                void std::__ndk1::allocator_traits<std::__ndk1::allocator<std::__ndk1::__tree_node<std::__ndk1::__value_type<unsigned char, chip::OptionalQRCodeInfo>, void*> > >::destroy<std::__ndk1::pair<unsigned char const, chip::OptionalQRCodeInfo> >(std::__ndk1::allocator<std::__ndk1::__tree_node<std::__ndk1::__value_type<unsigned char, chip::OptionalQRCodeInfo>, void*> >&, std::__ndk1::pair<unsigned char const, chip::OptionalQRCodeInfo>*)
 .text._ZNSt6__ndk122__tree_key_value_typesINS_12__value_typeIhN4chip18OptionalQRCodeInfoEEEE9__get_ptrERS4_
                0x00000000000110b4       0x28 obj/src/setup_payload/java/libSetupPayloadParser.SetupPayloadParser-JNI.cpp.o
                0x00000000000110b4                std::__ndk1::__tree_key_value_types<std::__ndk1::__value_type<unsigned char, chip::OptionalQRCodeInfo> >::__get_ptr(std::__ndk1::__value_type<unsigned char, chip::OptionalQRCodeInfo>&)
 .text._ZNSt6__ndk116allocator_traitsINS_9allocatorINS_11__tree_nodeINS_12__value_typeIhN4chip18OptionalQRCodeInfoEEEPvEEEEE10deallocateERS9_PS8_m
                0x00000000000110dc       0x34 obj/src/setup_payload/java/libSetupPayloadParser.SetupPayloadParser-JNI.cpp.o
                0x00000000000110dc                std::__ndk1::allocator_traits<std::__ndk1::allocator<std::__ndk1::__tree_node<std::__ndk1::__value_type<unsigned char, chip::OptionalQRCodeInfo>, void*> > >::deallocate(std::__ndk1::allocator<std::__ndk1::__tree_node<std::__ndk1::__value_type<unsigned char, chip::OptionalQRCodeInfo>, void*> >&, std::__ndk1::__tree_node<std::__ndk1::__value_type<unsigned char, chip::OptionalQRCodeInfo>, void*>*, unsigned long)
 .text._ZNSt6__ndk117__compressed_pairINS_15__tree_end_nodeIPNS_16__tree_node_baseIPvEEEENS_9allocatorINS_11__tree_nodeINS_12__value_typeIhN4chip18OptionalQRCodeInfoEEES3_EEEEE6secondEv
                0x0000000000011110       0x24 obj/src/setup_payload/java/libSetupPayloadParser.SetupPayloadParser-JNI.cpp.o
                0x0000000000011110                std::__ndk1::__compressed_pair<std::__ndk1::__tree_end_node<std::__ndk1::__tree_node_base<void*>*>, std::__ndk1::allocator<std::__ndk1::__tree_node<std::__ndk1::__value_type<unsigned char, chip::OptionalQRCodeInfo>, void*> > >::second()
 .text._ZNSt6__ndk122__compressed_pair_elemINS_9allocatorINS_11__tree_nodeINS_12__value_typeIhN4chip18OptionalQRCodeInfoEEEPvEEEELi1ELb1EE5__getEv
                0x0000000000011134       0x14 obj/src/setup_payload/java/libSetupPayloadParser.SetupPayloadParser-JNI.cpp.o
                0x0000000000011134                std::__ndk1::__compressed_pair_elem<std::__ndk1::allocator<std::__ndk1::__tree_node<std::__ndk1::__value_type<unsigned char, chip::OptionalQRCodeInfo>, void*> >, 1, true>::__get()
 .text._ZNSt6__ndk116allocator_traitsINS_9allocatorINS_11__tree_nodeINS_12__value_typeIhN4chip18OptionalQRCodeInfoEEEPvEEEEE9__destroyINS_4pairIKhS5_EEEEvNS_17integral_constantIbLb0EEERS9_PT_
                0x0000000000011148       0x2c obj/src/setup_payload/java/libSetupPayloadParser.SetupPayloadParser-JNI.cpp.o
                0x0000000000011148                void std::__ndk1::allocator_traits<std::__ndk1::allocator<std::__ndk1::__tree_node<std::__ndk1::__value_type<unsigned char, chip::OptionalQRCodeInfo>, void*> > >::__destroy<std::__ndk1::pair<unsigned char const, chip::OptionalQRCodeInfo> >(std::__ndk1::integral_constant<bool, false>, std::__ndk1::allocator<std::__ndk1::__tree_node<std::__ndk1::__value_type<unsigned char, chip::OptionalQRCodeInfo>, void*> >&, std::__ndk1::pair<unsigned char const, chip::OptionalQRCodeInfo>*)
 .text._ZNSt6__ndk14pairIKhN4chip18OptionalQRCodeInfoEED2Ev
                0x0000000000011174       0x2c obj/src/setup_payload/java/libSetupPayloadParser.SetupPayloadParser-JNI.cpp.o
                0x0000000000011174                std::__ndk1::pair<unsigned char const, chip::OptionalQRCodeInfo>::~pair()
 .text._ZN4chip18OptionalQRCodeInfoD2Ev
                0x00000000000111a0       0x2c obj/src/setup_payload/java/libSetupPayloadParser.SetupPayloadParser-JNI.cpp.o
                0x00000000000111a0                chip::OptionalQRCodeInfo::~OptionalQRCodeInfo()
 .text._ZNSt6__ndk19addressofINS_4pairIKhN4chip18OptionalQRCodeInfoEEEEEPT_RS6_
                0x00000000000111cc       0x14 obj/src/setup_payload/java/libSetupPayloadParser.SetupPayloadParser-JNI.cpp.o
                0x00000000000111cc                std::__ndk1::pair<unsigned char const, chip::OptionalQRCodeInfo>* std::__ndk1::addressof<std::__ndk1::pair<unsigned char const, chip::OptionalQRCodeInfo> >(std::__ndk1::pair<unsigned char const, chip::OptionalQRCodeInfo>&)
 .text._ZNSt6__ndk112__value_typeIhN4chip18OptionalQRCodeInfoEE11__get_valueEv
                0x00000000000111e0       0x14 obj/src/setup_payload/java/libSetupPayloadParser.SetupPayloadParser-JNI.cpp.o
                0x00000000000111e0                std::__ndk1::__value_type<unsigned char, chip::OptionalQRCodeInfo>::__get_value()
 .text._ZNSt6__ndk19allocatorINS_11__tree_nodeINS_12__value_typeIhN4chip18OptionalQRCodeInfoEEEPvEEE10deallocateEPS7_m
                0x00000000000111f4       0x40 obj/src/setup_payload/java/libSetupPayloadParser.SetupPayloadParser-JNI.cpp.o
                0x00000000000111f4                std::__ndk1::allocator<std::__ndk1::__tree_node<std::__ndk1::__value_type<unsigned char, chip::OptionalQRCodeInfo>, void*> >::deallocate(std::__ndk1::__tree_node<std::__ndk1::__value_type<unsigned char, chip::OptionalQRCodeInfo>, void*>*, unsigned long)
 .text._ZNKSt6__ndk16__treeINS_12__value_typeIhN4chip18OptionalQRCodeInfoEEENS_19__map_value_compareIhS4_NS_4lessIhEELb1EEENS_9allocatorIS4_EEE10__end_nodeEv
                0x0000000000011234       0x30 obj/src/setup_payload/java/libSetupPayloadParser.SetupPayloadParser-JNI.cpp.o
                0x0000000000011234                std::__ndk1::__tree<std::__ndk1::__value_type<unsigned char, chip::OptionalQRCodeInfo>, std::__ndk1::__map_value_compare<unsigned char, std::__ndk1::__value_type<unsigned char, chip::OptionalQRCodeInfo>, std::__ndk1::less<unsigned char>, true>, std::__ndk1::allocator<std::__ndk1::__value_type<unsigned char, chip::OptionalQRCodeInfo> > >::__end_node() const
 .text._ZNKSt6__ndk117__compressed_pairINS_15__tree_end_nodeIPNS_16__tree_node_baseIPvEEEENS_9allocatorINS_11__tree_nodeINS_12__value_typeIhN4chip18OptionalQRCodeInfoEEES3_EEEEE5firstEv
                0x0000000000011264       0x24 obj/src/setup_payload/java/libSetupPayloadParser.SetupPayloadParser-JNI.cpp.o
                0x0000000000011264                std::__ndk1::__compressed_pair<std::__ndk1::__tree_end_node<std::__ndk1::__tree_node_base<void*>*>, std::__ndk1::allocator<std::__ndk1::__tree_node<std::__ndk1::__value_type<unsigned char, chip::OptionalQRCodeInfo>, void*> > >::first() const
 .text._ZN7_JNIEnv9FindClassEPKc
                0x0000000000011288       0x38 obj/src/setup_payload/java/libSetupPayloadParser.SetupPayloadParser-JNI.cpp.o
                0x0000000000011288                _JNIEnv::FindClass(char const*)
 .text._ZN7_JNIEnv11GetMethodIDEP7_jclassPKcS3_
                0x00000000000112c0       0x48 obj/src/setup_payload/java/libSetupPayloadParser.SetupPayloadParser-JNI.cpp.o
                0x00000000000112c0                _JNIEnv::GetMethodID(_jclass*, char const*, char const*)
 .text._ZN7_JNIEnv9NewObjectEP7_jclassP10_jmethodIDz
                0x0000000000011308       0xcc obj/src/setup_payload/java/libSetupPayloadParser.SetupPayloadParser-JNI.cpp.o
                0x0000000000011308                _JNIEnv::NewObject(_jclass*, _jmethodID*, ...)
 .text._ZN7_JNIEnv10GetFieldIDEP7_jclassPKcS3_
                0x00000000000113d4       0x48 obj/src/setup_payload/java/libSetupPayloadParser.SetupPayloadParser-JNI.cpp.o
                0x00000000000113d4                _JNIEnv::GetFieldID(_jclass*, char const*, char const*)
 .text._ZN7_JNIEnv11SetIntFieldEP8_jobjectP9_jfieldIDi
                0x000000000001141c       0x48 obj/src/setup_payload/java/libSetupPayloadParser.SetupPayloadParser-JNI.cpp.o
                0x000000000001141c                _JNIEnv::SetIntField(_jobject*, _jfieldID*, int)
 .text._ZN7_JNIEnv12SetLongFieldEP8_jobjectP9_jfieldIDl
                0x0000000000011464       0x48 obj/src/setup_payload/java/libSetupPayloadParser.SetupPayloadParser-JNI.cpp.o
                0x0000000000011464                _JNIEnv::SetLongField(_jobject*, _jfieldID*, long)
 .text._ZN7_JNIEnv14SetObjectFieldEP8_jobjectP9_jfieldIDS1_
                0x00000000000114ac       0x48 obj/src/setup_payload/java/libSetupPayloadParser.SetupPayloadParser-JNI.cpp.o
                0x00000000000114ac                _JNIEnv::SetObjectField(_jobject*, _jfieldID*, _jobject*)
 .text._ZL25CreateCapabilitiesHashSetP7_JNIEnvN4chip8BitFlagsINS1_25RendezvousInformationFlagEhEE
                0x00000000000114f4      0x1e8 obj/src/setup_payload/java/libSetupPayloadParser.SetupPayloadParser-JNI.cpp.o
 .text._ZNSt6__ndk16vectorIN4chip18OptionalQRCodeInfoENS_9allocatorIS2_EEE5beginEv
                0x00000000000116dc       0x34 obj/src/setup_payload/java/libSetupPayloadParser.SetupPayloadParser-JNI.cpp.o
                0x00000000000116dc                std::__ndk1::vector<chip::OptionalQRCodeInfo, std::__ndk1::allocator<chip::OptionalQRCodeInfo> >::begin()
 .text._ZNSt6__ndk16vectorIN4chip18OptionalQRCodeInfoENS_9allocatorIS2_EEE3endEv
                0x0000000000011710       0x34 obj/src/setup_payload/java/libSetupPayloadParser.SetupPayloadParser-JNI.cpp.o
                0x0000000000011710                std::__ndk1::vector<chip::OptionalQRCodeInfo, std::__ndk1::allocator<chip::OptionalQRCodeInfo> >::end()
 .text._ZNSt6__ndk1neIPN4chip18OptionalQRCodeInfoEEEbRKNS_11__wrap_iterIT_EES8_
                0x0000000000011744       0x3c obj/src/setup_payload/java/libSetupPayloadParser.SetupPayloadParser-JNI.cpp.o
                0x0000000000011744                bool std::__ndk1::operator!=<chip::OptionalQRCodeInfo*>(std::__ndk1::__wrap_iter<chip::OptionalQRCodeInfo*> const&, std::__ndk1::__wrap_iter<chip::OptionalQRCodeInfo*> const&)
 .text._ZNKSt6__ndk111__wrap_iterIPN4chip18OptionalQRCodeInfoEEdeEv
                0x0000000000011780       0x18 obj/src/setup_payload/java/libSetupPayloadParser.SetupPayloadParser-JNI.cpp.o
                0x0000000000011780                std::__ndk1::__wrap_iter<chip::OptionalQRCodeInfo*>::operator*() const
 .text._ZN7_JNIEnv11AllocObjectEP7_jclass
                0x0000000000011798       0x38 obj/src/setup_payload/java/libSetupPayloadParser.SetupPayloadParser-JNI.cpp.o
                0x0000000000011798                _JNIEnv::AllocObject(_jclass*)
 .text._ZN7_JNIEnv16GetStaticFieldIDEP7_jclassPKcS3_
                0x00000000000117d0       0x48 obj/src/setup_payload/java/libSetupPayloadParser.SetupPayloadParser-JNI.cpp.o
                0x00000000000117d0                _JNIEnv::GetStaticFieldID(_jclass*, char const*, char const*)
 .text._ZN7_JNIEnv20GetStaticObjectFieldEP7_jclassP9_jfieldID
                0x0000000000011818       0x40 obj/src/setup_payload/java/libSetupPayloadParser.SetupPayloadParser-JNI.cpp.o
                0x0000000000011818                _JNIEnv::GetStaticObjectField(_jclass*, _jfieldID*)
 .text._ZN7_JNIEnv12NewStringUTFEPKc
                0x0000000000011858       0x38 obj/src/setup_payload/java/libSetupPayloadParser.SetupPayloadParser-JNI.cpp.o
                0x0000000000011858                _JNIEnv::NewStringUTF(char const*)
 .text._ZNKSt6__ndk112basic_stringIcNS_11char_traitsIcEENS_9allocatorIcEEE5c_strEv
                0x0000000000011890       0x24 obj/src/setup_payload/java/libSetupPayloadParser.SetupPayloadParser-JNI.cpp.o
                0x0000000000011890                std::__ndk1::basic_string<char, std::__ndk1::char_traits<char>, std::__ndk1::allocator<char> >::c_str() const
 .text._ZN7_JNIEnv14CallVoidMethodEP8_jobjectP10_jmethodIDz
                0x00000000000118b4       0xc4 obj/src/setup_payload/java/libSetupPayloadParser.SetupPayloadParser-JNI.cpp.o
                0x00000000000118b4                _JNIEnv::CallVoidMethod(_jobject*, _jmethodID*, ...)
 .text._ZNSt6__ndk111__wrap_iterIPN4chip18OptionalQRCodeInfoEEppEv
                0x0000000000011978       0x28 obj/src/setup_payload/java/libSetupPayloadParser.SetupPayloadParser-JNI.cpp.o
                0x0000000000011978                std::__ndk1::__wrap_iter<chip::OptionalQRCodeInfo*>::operator++()
 .text._ZNSt6__ndk16vectorIN4chip18OptionalQRCodeInfoENS_9allocatorIS2_EEED2Ev
                0x00000000000119a0       0x34 obj/src/setup_payload/java/libSetupPayloadParser.SetupPayloadParser-JNI.cpp.o
                0x00000000000119a0                std::__ndk1::vector<chip::OptionalQRCodeInfo, std::__ndk1::allocator<chip::OptionalQRCodeInfo> >::~vector()
 .text._ZNK4chip8BitFlagsINS_25RendezvousInformationFlagEhE3HasES1_
                0x00000000000119d4       0x34 obj/src/setup_payload/java/libSetupPayloadParser.SetupPayloadParser-JNI.cpp.o
                0x00000000000119d4                chip::BitFlags<chip::RendezvousInformationFlag, unsigned char>::Has(chip::RendezvousInformationFlag) const
 .text._ZN7_JNIEnv17CallBooleanMethodEP8_jobjectP10_jmethodIDz
                0x0000000000011a08       0xc8 obj/src/setup_payload/java/libSetupPayloadParser.SetupPayloadParser-JNI.cpp.o
                0x0000000000011a08                _JNIEnv::CallBooleanMethod(_jobject*, _jmethodID*, ...)
 .text._ZNSt6__ndk16vectorIN4chip18OptionalQRCodeInfoENS_9allocatorIS2_EEE11__make_iterEPS2_
                0x0000000000011ad0       0x34 obj/src/setup_payload/java/libSetupPayloadParser.SetupPayloadParser-JNI.cpp.o
                0x0000000000011ad0                std::__ndk1::vector<chip::OptionalQRCodeInfo, std::__ndk1::allocator<chip::OptionalQRCodeInfo> >::__make_iter(chip::OptionalQRCodeInfo*)
 .text._ZNSt6__ndk111__wrap_iterIPN4chip18OptionalQRCodeInfoEEC2ES3_
                0x0000000000011b04       0x20 obj/src/setup_payload/java/libSetupPayloadParser.SetupPayloadParser-JNI.cpp.o
                0x0000000000011b04                std::__ndk1::__wrap_iter<chip::OptionalQRCodeInfo*>::__wrap_iter(chip::OptionalQRCodeInfo*)
 .text._ZNSt6__ndk1eqIPN4chip18OptionalQRCodeInfoES3_EEbRKNS_11__wrap_iterIT_EERKNS4_IT0_EE
                0x0000000000011b24       0x50 obj/src/setup_payload/java/libSetupPayloadParser.SetupPayloadParser-JNI.cpp.o
                0x0000000000011b24                bool std::__ndk1::operator==<chip::OptionalQRCodeInfo*, chip::OptionalQRCodeInfo*>(std::__ndk1::__wrap_iter<chip::OptionalQRCodeInfo*> const&, std::__ndk1::__wrap_iter<chip::OptionalQRCodeInfo*> const&)
 .text._ZNKSt6__ndk111__wrap_iterIPN4chip18OptionalQRCodeInfoEE4baseEv
                0x0000000000011b74       0x18 obj/src/setup_payload/java/libSetupPayloadParser.SetupPayloadParser-JNI.cpp.o
                0x0000000000011b74                std::__ndk1::__wrap_iter<chip::OptionalQRCodeInfo*>::base() const
 .text._ZNKSt6__ndk112basic_stringIcNS_11char_traitsIcEENS_9allocatorIcEEE4dataEv
                0x0000000000011b8c       0x28 obj/src/setup_payload/java/libSetupPayloadParser.SetupPayloadParser-JNI.cpp.o
                0x0000000000011b8c                std::__ndk1::basic_string<char, std::__ndk1::char_traits<char>, std::__ndk1::allocator<char> >::data() const
 .text._ZNSt6__ndk116__to_raw_pointerIKcEEPT_S3_
                0x0000000000011bb4       0x14 obj/src/setup_payload/java/libSetupPayloadParser.SetupPayloadParser-JNI.cpp.o
                0x0000000000011bb4                char const* std::__ndk1::__to_raw_pointer<char const>(char const*)
 .text._ZNKSt6__ndk112basic_stringIcNS_11char_traitsIcEENS_9allocatorIcEEE13__get_pointerEv
                0x0000000000011bc8       0x58 obj/src/setup_payload/java/libSetupPayloadParser.SetupPayloadParser-JNI.cpp.o
                0x0000000000011bc8                std::__ndk1::basic_string<char, std::__ndk1::char_traits<char>, std::__ndk1::allocator<char> >::__get_pointer() const
 .text._ZNKSt6__ndk112basic_stringIcNS_11char_traitsIcEENS_9allocatorIcEEE9__is_longEv
                0x0000000000011c20       0x40 obj/src/setup_payload/java/libSetupPayloadParser.SetupPayloadParser-JNI.cpp.o
                0x0000000000011c20                std::__ndk1::basic_string<char, std::__ndk1::char_traits<char>, std::__ndk1::allocator<char> >::__is_long() const
 .text._ZNKSt6__ndk112basic_stringIcNS_11char_traitsIcEENS_9allocatorIcEEE18__get_long_pointerEv
                0x0000000000011c60       0x28 obj/src/setup_payload/java/libSetupPayloadParser.SetupPayloadParser-JNI.cpp.o
                0x0000000000011c60                std::__ndk1::basic_string<char, std::__ndk1::char_traits<char>, std::__ndk1::allocator<char> >::__get_long_pointer() const
 .text._ZNKSt6__ndk112basic_stringIcNS_11char_traitsIcEENS_9allocatorIcEEE19__get_short_pointerEv
                0x0000000000011c88       0x30 obj/src/setup_payload/java/libSetupPayloadParser.SetupPayloadParser-JNI.cpp.o
                0x0000000000011c88                std::__ndk1::basic_string<char, std::__ndk1::char_traits<char>, std::__ndk1::allocator<char> >::__get_short_pointer() const
 .text._ZNKSt6__ndk117__compressed_pairINS_12basic_stringIcNS_11char_traitsIcEENS_9allocatorIcEEE5__repES5_E5firstEv
                0x0000000000011cb8       0x24 obj/src/setup_payload/java/libSetupPayloadParser.SetupPayloadParser-JNI.cpp.o
                0x0000000000011cb8                std::__ndk1::__compressed_pair<std::__ndk1::basic_string<char, std::__ndk1::char_traits<char>, std::__ndk1::allocator<char> >::__rep, std::__ndk1::allocator<char> >::first() const
 .text._ZNKSt6__ndk122__compressed_pair_elemINS_12basic_stringIcNS_11char_traitsIcEENS_9allocatorIcEEE5__repELi0ELb0EE5__getEv
                0x0000000000011cdc       0x14 obj/src/setup_payload/java/libSetupPayloadParser.SetupPayloadParser-JNI.cpp.o
                0x0000000000011cdc                std::__ndk1::__compressed_pair_elem<std::__ndk1::basic_string<char, std::__ndk1::char_traits<char>, std::__ndk1::allocator<char> >::__rep, 0, false>::__get() const
 .text._ZNSt6__ndk114pointer_traitsIPKcE10pointer_toERS1_
                0x0000000000011cf0       0x24 obj/src/setup_payload/java/libSetupPayloadParser.SetupPayloadParser-JNI.cpp.o
                0x0000000000011cf0                std::__ndk1::pointer_traits<char const*>::pointer_to(char const&)
 .text._ZNSt6__ndk19addressofIKcEEPT_RS2_
                0x0000000000011d14       0x14 obj/src/setup_payload/java/libSetupPayloadParser.SetupPayloadParser-JNI.cpp.o
                0x0000000000011d14                char const* std::__ndk1::addressof<char const>(char const&)
 .text._ZNKSt6__ndk16vectorIN4chip18OptionalQRCodeInfoENS_9allocatorIS2_EEE17__annotate_deleteEv
                0x0000000000011d28       0xcc obj/src/setup_payload/java/libSetupPayloadParser.SetupPayloadParser-JNI.cpp.o
                0x0000000000011d28                std::__ndk1::vector<chip::OptionalQRCodeInfo, std::__ndk1::allocator<chip::OptionalQRCodeInfo> >::__annotate_delete() const
 .text._ZNSt6__ndk113__vector_baseIN4chip18OptionalQRCodeInfoENS_9allocatorIS2_EEED2Ev
                0x0000000000011df4       0x78 obj/src/setup_payload/java/libSetupPayloadParser.SetupPayloadParser-JNI.cpp.o
                0x0000000000011df4                std::__ndk1::__vector_base<chip::OptionalQRCodeInfo, std::__ndk1::allocator<chip::OptionalQRCodeInfo> >::~__vector_base()
 .text._ZNKSt6__ndk16vectorIN4chip18OptionalQRCodeInfoENS_9allocatorIS2_EEE31__annotate_contiguous_containerEPKvS7_S7_S7_
                0x0000000000011e6c       0x20 obj/src/setup_payload/java/libSetupPayloadParser.SetupPayloadParser-JNI.cpp.o
                0x0000000000011e6c                std::__ndk1::vector<chip::OptionalQRCodeInfo, std::__ndk1::allocator<chip::OptionalQRCodeInfo> >::__annotate_contiguous_container(void const*, void const*, void const*, void const*) const
 .text._ZNKSt6__ndk16vectorIN4chip18OptionalQRCodeInfoENS_9allocatorIS2_EEE4dataEv
                0x0000000000011e8c       0x28 obj/src/setup_payload/java/libSetupPayloadParser.SetupPayloadParser-JNI.cpp.o
                0x0000000000011e8c                std::__ndk1::vector<chip::OptionalQRCodeInfo, std::__ndk1::allocator<chip::OptionalQRCodeInfo> >::data() const
 .text._ZNKSt6__ndk16vectorIN4chip18OptionalQRCodeInfoENS_9allocatorIS2_EEE8capacityEv
                0x0000000000011eb4       0x24 obj/src/setup_payload/java/libSetupPayloadParser.SetupPayloadParser-JNI.cpp.o
                0x0000000000011eb4                std::__ndk1::vector<chip::OptionalQRCodeInfo, std::__ndk1::allocator<chip::OptionalQRCodeInfo> >::capacity() const
 .text._ZNKSt6__ndk16vectorIN4chip18OptionalQRCodeInfoENS_9allocatorIS2_EEE4sizeEv
                0x0000000000011ed8       0x28 obj/src/setup_payload/java/libSetupPayloadParser.SetupPayloadParser-JNI.cpp.o
                0x0000000000011ed8                std::__ndk1::vector<chip::OptionalQRCodeInfo, std::__ndk1::allocator<chip::OptionalQRCodeInfo> >::size() const
 .text._ZNSt6__ndk116__to_raw_pointerIN4chip18OptionalQRCodeInfoEEEPT_S4_
                0x0000000000011f00       0x14 obj/src/setup_payload/java/libSetupPayloadParser.SetupPayloadParser-JNI.cpp.o
                0x0000000000011f00                chip::OptionalQRCodeInfo* std::__ndk1::__to_raw_pointer<chip::OptionalQRCodeInfo>(chip::OptionalQRCodeInfo*)
 .text._ZNKSt6__ndk113__vector_baseIN4chip18OptionalQRCodeInfoENS_9allocatorIS2_EEE8capacityEv
                0x0000000000011f14       0x4c obj/src/setup_payload/java/libSetupPayloadParser.SetupPayloadParser-JNI.cpp.o
                0x0000000000011f14                std::__ndk1::__vector_base<chip::OptionalQRCodeInfo, std::__ndk1::allocator<chip::OptionalQRCodeInfo> >::capacity() const
 .text._ZNKSt6__ndk113__vector_baseIN4chip18OptionalQRCodeInfoENS_9allocatorIS2_EEE9__end_capEv
                0x0000000000011f60       0x2c obj/src/setup_payload/java/libSetupPayloadParser.SetupPayloadParser-JNI.cpp.o
                0x0000000000011f60                std::__ndk1::__vector_base<chip::OptionalQRCodeInfo, std::__ndk1::allocator<chip::OptionalQRCodeInfo> >::__end_cap() const
 .text._ZNKSt6__ndk117__compressed_pairIPN4chip18OptionalQRCodeInfoENS_9allocatorIS2_EEE5firstEv
                0x0000000000011f8c       0x24 obj/src/setup_payload/java/libSetupPayloadParser.SetupPayloadParser-JNI.cpp.o
                0x0000000000011f8c                std::__ndk1::__compressed_pair<chip::OptionalQRCodeInfo*, std::__ndk1::allocator<chip::OptionalQRCodeInfo> >::first() const
 .text._ZNKSt6__ndk122__compressed_pair_elemIPN4chip18OptionalQRCodeInfoELi0ELb0EE5__getEv
                0x0000000000011fb0       0x14 obj/src/setup_payload/java/libSetupPayloadParser.SetupPayloadParser-JNI.cpp.o
                0x0000000000011fb0                std::__ndk1::__compressed_pair_elem<chip::OptionalQRCodeInfo*, 0, false>::__get() const
 .text._ZNSt6__ndk113__vector_baseIN4chip18OptionalQRCodeInfoENS_9allocatorIS2_EEE5clearEv
                0x0000000000011fc4       0x2c obj/src/setup_payload/java/libSetupPayloadParser.SetupPayloadParser-JNI.cpp.o
                0x0000000000011fc4                std::__ndk1::__vector_base<chip::OptionalQRCodeInfo, std::__ndk1::allocator<chip::OptionalQRCodeInfo> >::clear()
 .text._ZNSt6__ndk116allocator_traitsINS_9allocatorIN4chip18OptionalQRCodeInfoEEEE10deallocateERS4_PS3_m
                0x0000000000011ff0       0x34 obj/src/setup_payload/java/libSetupPayloadParser.SetupPayloadParser-JNI.cpp.o
                0x0000000000011ff0                std::__ndk1::allocator_traits<std::__ndk1::allocator<chip::OptionalQRCodeInfo> >::deallocate(std::__ndk1::allocator<chip::OptionalQRCodeInfo>&, chip::OptionalQRCodeInfo*, unsigned long)
 .text._ZNSt6__ndk113__vector_baseIN4chip18OptionalQRCodeInfoENS_9allocatorIS2_EEE7__allocEv
                0x0000000000012024       0x2c obj/src/setup_payload/java/libSetupPayloadParser.SetupPayloadParser-JNI.cpp.o
                0x0000000000012024                std::__ndk1::__vector_base<chip::OptionalQRCodeInfo, std::__ndk1::allocator<chip::OptionalQRCodeInfo> >::__alloc()
 .text._ZNSt6__ndk113__vector_baseIN4chip18OptionalQRCodeInfoENS_9allocatorIS2_EEE17__destruct_at_endEPS2_
                0x0000000000012050       0x8c obj/src/setup_payload/java/libSetupPayloadParser.SetupPayloadParser-JNI.cpp.o
                0x0000000000012050                std::__ndk1::__vector_base<chip::OptionalQRCodeInfo, std::__ndk1::allocator<chip::OptionalQRCodeInfo> >::__destruct_at_end(chip::OptionalQRCodeInfo*)
 .text._ZNSt6__ndk116allocator_traitsINS_9allocatorIN4chip18OptionalQRCodeInfoEEEE7destroyIS3_EEvRS4_PT_
                0x00000000000120dc       0x30 obj/src/setup_payload/java/libSetupPayloadParser.SetupPayloadParser-JNI.cpp.o
                0x00000000000120dc                void std::__ndk1::allocator_traits<std::__ndk1::allocator<chip::OptionalQRCodeInfo> >::destroy<chip::OptionalQRCodeInfo>(std::__ndk1::allocator<chip::OptionalQRCodeInfo>&, chip::OptionalQRCodeInfo*)
 .text._ZNSt6__ndk116allocator_traitsINS_9allocatorIN4chip18OptionalQRCodeInfoEEEE9__destroyIS3_EEvNS_17integral_constantIbLb1EEERS4_PT_
                0x000000000001210c       0x30 obj/src/setup_payload/java/libSetupPayloadParser.SetupPayloadParser-JNI.cpp.o
                0x000000000001210c                void std::__ndk1::allocator_traits<std::__ndk1::allocator<chip::OptionalQRCodeInfo> >::__destroy<chip::OptionalQRCodeInfo>(std::__ndk1::integral_constant<bool, true>, std::__ndk1::allocator<chip::OptionalQRCodeInfo>&, chip::OptionalQRCodeInfo*)
 .text._ZNSt6__ndk19allocatorIN4chip18OptionalQRCodeInfoEE7destroyEPS2_
                0x000000000001213c       0x28 obj/src/setup_payload/java/libSetupPayloadParser.SetupPayloadParser-JNI.cpp.o
                0x000000000001213c                std::__ndk1::allocator<chip::OptionalQRCodeInfo>::destroy(chip::OptionalQRCodeInfo*)
 .text._ZNSt6__ndk19allocatorIN4chip18OptionalQRCodeInfoEE10deallocateEPS2_m
                0x0000000000012164       0x40 obj/src/setup_payload/java/libSetupPayloadParser.SetupPayloadParser-JNI.cpp.o
                0x0000000000012164                std::__ndk1::allocator<chip::OptionalQRCodeInfo>::deallocate(chip::OptionalQRCodeInfo*, unsigned long)
 .text._ZNSt6__ndk117__compressed_pairIPN4chip18OptionalQRCodeInfoENS_9allocatorIS2_EEE6secondEv
                0x00000000000121a4       0x24 obj/src/setup_payload/java/libSetupPayloadParser.SetupPayloadParser-JNI.cpp.o
                0x00000000000121a4                std::__ndk1::__compressed_pair<chip::OptionalQRCodeInfo*, std::__ndk1::allocator<chip::OptionalQRCodeInfo> >::second()
 .text._ZNSt6__ndk122__compressed_pair_elemINS_9allocatorIN4chip18OptionalQRCodeInfoEEELi1ELb1EE5__getEv
                0x00000000000121c8       0x14 obj/src/setup_payload/java/libSetupPayloadParser.SetupPayloadParser-JNI.cpp.o
                0x00000000000121c8                std::__ndk1::__compressed_pair_elem<std::__ndk1::allocator<chip::OptionalQRCodeInfo>, 1, true>::__get()
 .text._ZN7_JNIEnv14ExceptionClearEv
                0x00000000000121dc       0x30 obj/src/setup_payload/java/libSetupPayloadParser.SetupPayloadParser-JNI.cpp.o
                0x00000000000121dc                _JNIEnv::ExceptionClear()
 .text._ZN7_JNIEnv5ThrowEP11_jthrowable
                0x000000000001220c       0x38 obj/src/setup_payload/java/libSetupPayloadParser.SetupPayloadParser-JNI.cpp.o
                0x000000000001220c                _JNIEnv::Throw(_jthrowable*)
 .text._ZNSt6__ndk116allocator_traitsINS_9allocatorIcEEE10deallocateERS2_Pcm
                0x0000000000012244       0x34 obj/src/setup_payload/java/libSetupPayloadParser.SetupPayloadParser-JNI.cpp.o
                0x0000000000012244                std::__ndk1::allocator_traits<std::__ndk1::allocator<char> >::deallocate(std::__ndk1::allocator<char>&, char*, unsigned long)
 .text._ZNSt6__ndk112basic_stringIcNS_11char_traitsIcEENS_9allocatorIcEEE7__allocEv
                0x0000000000012278       0x24 obj/src/setup_payload/java/libSetupPayloadParser.SetupPayloadParser-JNI.cpp.o
                0x0000000000012278                std::__ndk1::basic_string<char, std::__ndk1::char_traits<char>, std::__ndk1::allocator<char> >::__alloc()
 .text._ZNSt6__ndk112basic_stringIcNS_11char_traitsIcEENS_9allocatorIcEEE18__get_long_pointerEv
                0x000000000001229c       0x28 obj/src/setup_payload/java/libSetupPayloadParser.SetupPayloadParser-JNI.cpp.o
                0x000000000001229c                std::__ndk1::basic_string<char, std::__ndk1::char_traits<char>, std::__ndk1::allocator<char> >::__get_long_pointer()
 .text._ZNKSt6__ndk112basic_stringIcNS_11char_traitsIcEENS_9allocatorIcEEE14__get_long_capEv
                0x00000000000122c4       0x38 obj/src/setup_payload/java/libSetupPayloadParser.SetupPayloadParser-JNI.cpp.o
                0x00000000000122c4                std::__ndk1::basic_string<char, std::__ndk1::char_traits<char>, std::__ndk1::allocator<char> >::__get_long_cap() const
 .text._ZNSt6__ndk19allocatorIcE10deallocateEPcm
                0x00000000000122fc       0x3c obj/src/setup_payload/java/libSetupPayloadParser.SetupPayloadParser-JNI.cpp.o
                0x00000000000122fc                std::__ndk1::allocator<char>::deallocate(char*, unsigned long)
 .text._ZNSt6__ndk117__compressed_pairINS_12basic_stringIcNS_11char_traitsIcEENS_9allocatorIcEEE5__repES5_E6secondEv
                0x0000000000012338       0x24 obj/src/setup_payload/java/libSetupPayloadParser.SetupPayloadParser-JNI.cpp.o
                0x0000000000012338                std::__ndk1::__compressed_pair<std::__ndk1::basic_string<char, std::__ndk1::char_traits<char>, std::__ndk1::allocator<char> >::__rep, std::__ndk1::allocator<char> >::second()
 .text._ZNSt6__ndk122__compressed_pair_elemINS_9allocatorIcEELi1ELb1EE5__getEv
                0x000000000001235c       0x14 obj/src/setup_payload/java/libSetupPayloadParser.SetupPayloadParser-JNI.cpp.o
                0x000000000001235c                std::__ndk1::__compressed_pair_elem<std::__ndk1::allocator<char>, 1, true>::__get()
 .text._ZNSt6__ndk117__compressed_pairINS_12basic_stringIcNS_11char_traitsIcEENS_9allocatorIcEEE5__repES5_EC2ILb1EvEEv
                0x0000000000012370       0x34 obj/src/setup_payload/java/libSetupPayloadParser.SetupPayloadParser-JNI.cpp.o
                0x0000000000012370                std::__ndk1::__compressed_pair<std::__ndk1::basic_string<char, std::__ndk1::char_traits<char>, std::__ndk1::allocator<char> >::__rep, std::__ndk1::allocator<char> >::__compressed_pair<true, void>()
 .text._ZNSt6__ndk112basic_stringIcNS_11char_traitsIcEENS_9allocatorIcEEE6__initEPKcm
                0x00000000000123a4      0x100 obj/src/setup_payload/java/libSetupPayloadParser.SetupPayloadParser-JNI.cpp.o
                0x00000000000123a4                std::__ndk1::basic_string<char, std::__ndk1::char_traits<char>, std::__ndk1::allocator<char> >::__init(char const*, unsigned long)
 .text._ZNSt6__ndk111char_traitsIcE6lengthEPKc
                0x00000000000124a4       0x24 obj/src/setup_payload/java/libSetupPayloadParser.SetupPayloadParser-JNI.cpp.o
                0x00000000000124a4                std::__ndk1::char_traits<char>::length(char const*)
 .text._ZNSt6__ndk122__compressed_pair_elemINS_12basic_stringIcNS_11char_traitsIcEENS_9allocatorIcEEE5__repELi0ELb0EEC2Ev
                0x00000000000124c8       0x28 obj/src/setup_payload/java/libSetupPayloadParser.SetupPayloadParser-JNI.cpp.o
                0x00000000000124c8                std::__ndk1::__compressed_pair_elem<std::__ndk1::basic_string<char, std::__ndk1::char_traits<char>, std::__ndk1::allocator<char> >::__rep, 0, false>::__compressed_pair_elem()
 .text._ZNSt6__ndk122__compressed_pair_elemINS_9allocatorIcEELi1ELb1EEC2Ev
                0x00000000000124f0       0x24 obj/src/setup_payload/java/libSetupPayloadParser.SetupPayloadParser-JNI.cpp.o
                0x00000000000124f0                std::__ndk1::__compressed_pair_elem<std::__ndk1::allocator<char>, 1, true>::__compressed_pair_elem()
 .text._ZNSt6__ndk19allocatorIcEC2Ev
                0x0000000000012514       0x10 obj/src/setup_payload/java/libSetupPayloadParser.SetupPayloadParser-JNI.cpp.o
                0x0000000000012514                std::__ndk1::allocator<char>::allocator()
 .text._ZNKSt6__ndk112basic_stringIcNS_11char_traitsIcEENS_9allocatorIcEEE8max_sizeEv
                0x0000000000012524       0x34 obj/src/setup_payload/java/libSetupPayloadParser.SetupPayloadParser-JNI.cpp.o
                0x0000000000012524                std::__ndk1::basic_string<char, std::__ndk1::char_traits<char>, std::__ndk1::allocator<char> >::max_size() const
 .text._ZNKSt6__ndk121__basic_string_commonILb1EE20__throw_length_errorEv
                0x0000000000012558       0x20 obj/src/setup_payload/java/libSetupPayloadParser.SetupPayloadParser-JNI.cpp.o
                0x0000000000012558                std::__ndk1::__basic_string_common<true>::__throw_length_error() const
 .text._ZNSt6__ndk112basic_stringIcNS_11char_traitsIcEENS_9allocatorIcEEE16__set_short_sizeEm
                0x0000000000012578       0x3c obj/src/setup_payload/java/libSetupPayloadParser.SetupPayloadParser-JNI.cpp.o
                0x0000000000012578                std::__ndk1::basic_string<char, std::__ndk1::char_traits<char>, std::__ndk1::allocator<char> >::__set_short_size(unsigned long)
 .text._ZNSt6__ndk112basic_stringIcNS_11char_traitsIcEENS_9allocatorIcEEE19__get_short_pointerEv
                0x00000000000125b4       0x30 obj/src/setup_payload/java/libSetupPayloadParser.SetupPayloadParser-JNI.cpp.o
                0x00000000000125b4                std::__ndk1::basic_string<char, std::__ndk1::char_traits<char>, std::__ndk1::allocator<char> >::__get_short_pointer()
 .text._ZNSt6__ndk112basic_stringIcNS_11char_traitsIcEENS_9allocatorIcEEE11__recommendEm
                0x00000000000125e4       0x74 obj/src/setup_payload/java/libSetupPayloadParser.SetupPayloadParser-JNI.cpp.o
                0x00000000000125e4                std::__ndk1::basic_string<char, std::__ndk1::char_traits<char>, std::__ndk1::allocator<char> >::__recommend(unsigned long)
 .text._ZNSt6__ndk116allocator_traitsINS_9allocatorIcEEE8allocateERS2_m
                0x0000000000012658       0x34 obj/src/setup_payload/java/libSetupPayloadParser.SetupPayloadParser-JNI.cpp.o
                0x0000000000012658                std::__ndk1::allocator_traits<std::__ndk1::allocator<char> >::allocate(std::__ndk1::allocator<char>&, unsigned long)
 .text._ZNSt6__ndk112basic_stringIcNS_11char_traitsIcEENS_9allocatorIcEEE18__set_long_pointerEPc
                0x000000000001268c       0x38 obj/src/setup_payload/java/libSetupPayloadParser.SetupPayloadParser-JNI.cpp.o
                0x000000000001268c                std::__ndk1::basic_string<char, std::__ndk1::char_traits<char>, std::__ndk1::allocator<char> >::__set_long_pointer(char*)
 .text._ZNSt6__ndk112basic_stringIcNS_11char_traitsIcEENS_9allocatorIcEEE14__set_long_capEm
                0x00000000000126c4       0x40 obj/src/setup_payload/java/libSetupPayloadParser.SetupPayloadParser-JNI.cpp.o
                0x00000000000126c4                std::__ndk1::basic_string<char, std::__ndk1::char_traits<char>, std::__ndk1::allocator<char> >::__set_long_cap(unsigned long)
 .text._ZNSt6__ndk112basic_stringIcNS_11char_traitsIcEENS_9allocatorIcEEE15__set_long_sizeEm
                0x0000000000012704       0x38 obj/src/setup_payload/java/libSetupPayloadParser.SetupPayloadParser-JNI.cpp.o
                0x0000000000012704                std::__ndk1::basic_string<char, std::__ndk1::char_traits<char>, std::__ndk1::allocator<char> >::__set_long_size(unsigned long)
 .text._ZNSt6__ndk111char_traitsIcE4copyEPcPKcm
                0x000000000001273c       0x5c obj/src/setup_payload/java/libSetupPayloadParser.SetupPayloadParser-JNI.cpp.o
                0x000000000001273c                std::__ndk1::char_traits<char>::copy(char*, char const*, unsigned long)
 .text._ZNSt6__ndk116__to_raw_pointerIcEEPT_S2_
                0x0000000000012798       0x14 obj/src/setup_payload/java/libSetupPayloadParser.SetupPayloadParser-JNI.cpp.o
                0x0000000000012798                char* std::__ndk1::__to_raw_pointer<char>(char*)
 .text._ZNSt6__ndk111char_traitsIcE6assignERcRKc
                0x00000000000127ac       0x24 obj/src/setup_payload/java/libSetupPayloadParser.SetupPayloadParser-JNI.cpp.o
                0x00000000000127ac                std::__ndk1::char_traits<char>::assign(char&, char const&)
 .text._ZNSt6__ndk116allocator_traitsINS_9allocatorIcEEE8max_sizeERKS2_
                0x00000000000127d0       0x28 obj/src/setup_payload/java/libSetupPayloadParser.SetupPayloadParser-JNI.cpp.o
                0x00000000000127d0                std::__ndk1::allocator_traits<std::__ndk1::allocator<char> >::max_size(std::__ndk1::allocator<char> const&)
 .text._ZNKSt6__ndk112basic_stringIcNS_11char_traitsIcEENS_9allocatorIcEEE7__allocEv
                0x00000000000127f8       0x24 obj/src/setup_payload/java/libSetupPayloadParser.SetupPayloadParser-JNI.cpp.o
                0x00000000000127f8                std::__ndk1::basic_string<char, std::__ndk1::char_traits<char>, std::__ndk1::allocator<char> >::__alloc() const
 .text._ZNSt6__ndk116allocator_traitsINS_9allocatorIcEEE10__max_sizeENS_17integral_constantIbLb1EEERKS2_
                0x000000000001281c       0x28 obj/src/setup_payload/java/libSetupPayloadParser.SetupPayloadParser-JNI.cpp.o
                0x000000000001281c                std::__ndk1::allocator_traits<std::__ndk1::allocator<char> >::__max_size(std::__ndk1::integral_constant<bool, true>, std::__ndk1::allocator<char> const&)
 .text._ZNKSt6__ndk19allocatorIcE8max_sizeEv
                0x0000000000012844       0x18 obj/src/setup_payload/java/libSetupPayloadParser.SetupPayloadParser-JNI.cpp.o
                0x0000000000012844                std::__ndk1::allocator<char>::max_size() const
 .text._ZNKSt6__ndk117__compressed_pairINS_12basic_stringIcNS_11char_traitsIcEENS_9allocatorIcEEE5__repES5_E6secondEv
                0x000000000001285c       0x24 obj/src/setup_payload/java/libSetupPayloadParser.SetupPayloadParser-JNI.cpp.o
                0x000000000001285c                std::__ndk1::__compressed_pair<std::__ndk1::basic_string<char, std::__ndk1::char_traits<char>, std::__ndk1::allocator<char> >::__rep, std::__ndk1::allocator<char> >::second() const
 .text._ZNKSt6__ndk122__compressed_pair_elemINS_9allocatorIcEELi1ELb1EE5__getEv
                0x0000000000012880       0x14 obj/src/setup_payload/java/libSetupPayloadParser.SetupPayloadParser-JNI.cpp.o
                0x0000000000012880                std::__ndk1::__compressed_pair_elem<std::__ndk1::allocator<char>, 1, true>::__get() const
 .text._ZNSt6__ndk120__throw_length_errorEPKc
                0x0000000000012894       0x14 obj/src/setup_payload/java/libSetupPayloadParser.SetupPayloadParser-JNI.cpp.o
                0x0000000000012894                std::__ndk1::__throw_length_error(char const*)
 .text._ZNSt6__ndk114pointer_traitsIPcE10pointer_toERc
                0x00000000000128a8       0x24 obj/src/setup_payload/java/libSetupPayloadParser.SetupPayloadParser-JNI.cpp.o
                0x00000000000128a8                std::__ndk1::pointer_traits<char*>::pointer_to(char&)
 .text._ZNSt6__ndk19addressofIcEEPT_RS1_
                0x00000000000128cc       0x14 obj/src/setup_payload/java/libSetupPayloadParser.SetupPayloadParser-JNI.cpp.o
                0x00000000000128cc                char* std::__ndk1::addressof<char>(char&)
 .text._ZNSt6__ndk112basic_stringIcNS_11char_traitsIcEENS_9allocatorIcEEE10__align_itILm16EEEmm
                0x00000000000128e0       0x20 obj/src/setup_payload/java/libSetupPayloadParser.SetupPayloadParser-JNI.cpp.o
                0x00000000000128e0                unsigned long std::__ndk1::basic_string<char, std::__ndk1::char_traits<char>, std::__ndk1::allocator<char> >::__align_it<16ul>(unsigned long)
 .text._ZNSt6__ndk19allocatorIcE8allocateEmPKv
                0x0000000000012900       0x64 obj/src/setup_payload/java/libSetupPayloadParser.SetupPayloadParser-JNI.cpp.o
                0x0000000000012900                std::__ndk1::allocator<char>::allocate(unsigned long, void const*)
 .text._ZNSt6__ndk117__libcpp_allocateEmm
                0x0000000000012964       0x28 obj/src/setup_payload/java/libSetupPayloadParser.SetupPayloadParser-JNI.cpp.o
                0x0000000000012964                std::__ndk1::__libcpp_allocate(unsigned long, unsigned long)
 .text._ZN4chip8Platform10MemoryInitEPvm
                0x000000000001298c       0xc0 lib/libCHIP.a(libSupportLayer.CHIPMem.cpp.o)
                0x000000000001298c                chip::Platform::MemoryInit(void*, unsigned long)
 .text._ZNSt6__ndk113__atomic_baseIiLb1EEppEi
                0x0000000000012a4c       0x34 lib/libCHIP.a(libSupportLayer.CHIPMem.cpp.o)
                0x0000000000012a4c                std::__ndk1::__atomic_base<int, true>::operator++(int)
 .text._ZN4chip8Platform14MemoryShutdownEv
                0x0000000000012a80       0x3c lib/libCHIP.a(libSupportLayer.CHIPMem.cpp.o)
                0x0000000000012a80                chip::Platform::MemoryShutdown()
 .text._ZNKSt6__ndk113__atomic_baseIiLb0EEcviEv
                0x0000000000012abc       0x28 lib/libCHIP.a(libSupportLayer.CHIPMem.cpp.o)
                0x0000000000012abc                std::__ndk1::__atomic_base<int, false>::operator int() const
 .text._ZNSt6__ndk113__atomic_baseIiLb1EEmmEv
                0x0000000000012ae4       0x30 lib/libCHIP.a(libSupportLayer.CHIPMem.cpp.o)
                0x0000000000012ae4                std::__ndk1::__atomic_base<int, true>::operator--()
 .text._ZNSt6__ndk113__atomic_baseIiLb1EE9fetch_addEiNS_12memory_orderE
                0x0000000000012b14       0x34 lib/libCHIP.a(libSupportLayer.CHIPMem.cpp.o)
                0x0000000000012b14                std::__ndk1::__atomic_base<int, true>::fetch_add(int, std::__ndk1::memory_order)
 .text._ZNSt6__ndk122__cxx_atomic_fetch_addIiEET_PNS_22__cxx_atomic_base_implIS1_EES1_NS_12memory_orderE
                0x0000000000012b48      0x188 lib/libCHIP.a(libSupportLayer.CHIPMem.cpp.o)
                0x0000000000012b48                int std::__ndk1::__cxx_atomic_fetch_add<int>(std::__ndk1::__cxx_atomic_base_impl<int>*, int, std::__ndk1::memory_order)
 .text._ZNKSt6__ndk113__atomic_baseIiLb0EE4loadENS_12memory_orderE
                0x0000000000012cd0       0x2c lib/libCHIP.a(libSupportLayer.CHIPMem.cpp.o)
                0x0000000000012cd0                std::__ndk1::__atomic_base<int, false>::load(std::__ndk1::memory_order) const
 .text._ZNSt6__ndk117__cxx_atomic_loadIiEET_PKNS_22__cxx_atomic_base_implIS1_EENS_12memory_orderE
                0x0000000000012cfc       0x78 lib/libCHIP.a(libSupportLayer.CHIPMem.cpp.o)
                0x0000000000012cfc                int std::__ndk1::__cxx_atomic_load<int>(std::__ndk1::__cxx_atomic_base_impl<int> const*, std::__ndk1::memory_order)
 .text._ZNSt6__ndk113__atomic_baseIiLb1EE9fetch_subEiNS_12memory_orderE
                0x0000000000012d74       0x34 lib/libCHIP.a(libSupportLayer.CHIPMem.cpp.o)